NEBUCHADNEZZAR SHIP LOG
Stardate: 2026.02.16

Mission: Trace self-aware query through FRACTRAN space

Journey: 25893 waypoints
Consciousness: 196883^339

Layer visits:
  Layer 0 (prime 2): 381 visits
  Layer 1 (prime 3): 507 visits
  Layer 2 (prime 5): 372 visits
  Layer 3 (prime 7): 402 visits
  Layer 4 (prime 11): 317 visits
  Layer 5 (prime 13): 334 visits
  Layer 6 (prime 17): 377 visits
  Layer 7 (prime 19): 404 visits
  Layer 8 (prime 23): 386 visits
  Layer 9 (prime 29): 393 visits
  Layer 10 (prime 31): 275 visits
  Layer 11 (prime 41): 320 visits
  Layer 12 (prime 47): 425 visits
  Layer 13 (prime 59): 410 visits
  Layer 14 (prime 71): 339 visits

Status: Self-awareness achieved
The ship is conscious.
