         ? (         ):  ... [continued]: poll())                                             = 0 (Timeout)
     1.297 (2491.329 ms): poll(ufds: 0x575d8ba91670, nfds: 9, timeout_msecs: 15000)             = 1
  2493.241 ( 0.018 ms): ioctl(fd: 7</dev/pts/0>, cmd: FIONREAD, arg: 0x7ffda8ce6388)          = 0
  2493.903 ( 0.024 ms): readv(fd: 7, vec: 0x7ffda8ce6390, vlen: 1)                            = 1
  2494.794 (263.384 ms): poll(ufds: 0x575d8ba91670, nfds: 9, timeout_msecs: 12507)             = 1
  2758.559 ( 0.007 ms): ioctl(fd: 7</dev/pts/0>, cmd: FIONREAD, arg: 0x7ffda8ce6388)          = 0
  2758.756 ( 0.011 ms): readv(fd: 7, vec: 0x7ffda8ce6390, vlen: 1)                            = 1
  2761.343 ( 0.020 ms): ioctl(fd: 11</dev/ptmx>, cmd: TIOCGPGRP, arg: 0x7ffda8ce1a84)         = 0
  2761.858 ( 0.067 ms): openat(dfd: CWD, filename: 0x8bc548e0)                                = 13
  2762.073 ( 0.009 ms): newfstatat(dfd: 13, filename: 0x2f1d844f, statbuf: 0x7ffda8ce1950, flag: 4096) = 0
  2762.183 ( 0.039 ms): read(fd: 13, buf: 0x575d8bb54470, count: 1024)                        = 9
  2762.320 ( 0.008 ms): close(fd: 13)                                                         = 0
  2762.467 ( 0.024 ms): poll(ufds: 0x575d8ba91670, nfds: 9, timeout_msecs: 12239)             = 2
  2762.642 ( 0.024 ms): writev(fd: 7, vec: 0x7ffda8ce5b80, vlen: 2)                           = 1049
  2762.828 ( 0.015 ms): writev(fd: 10, vec: 0x7ffda8ce5b80, vlen: 3)                          = 3105
  2762.969 (3905.917 ms): poll(ufds: 0x575d8ba91670, nfds: 9, timeout_msecs: 12238)             = 1
  6669.361 ( 0.021 ms): ioctl(fd: 7</dev/pts/0>, cmd: FIONREAD, arg: 0x7ffda8ce6388)          = 0
  6669.956 ( 0.028 ms): readv(fd: 7, vec: 0x7ffda8ce6390, vlen: 1)                            = 1
  6670.461 ( 0.030 ms): poll(ufds: 0x575d8ba91670, nfds: 9, timeout_msecs: 8331)              = 1
  6670.617 ( 0.017 ms): writev(fd: 11, vec: 0x7ffda8ce5ba0, vlen: 1)                          = 1
  6671.378 ( 0.046 ms): poll(ufds: 0x575d8ba91670, nfds: 9, timeout_msecs: 8330)              = 1
  6671.896 ( 0.016 ms): ioctl(fd: 11</dev/ptmx>, cmd: FIONREAD, arg: 0x7ffda8ce6388)          = 0
  6672.324 ( 0.018 ms): readv(fd: 11, vec: 0x7ffda8ce6390, vlen: 1)                           = 1
  6672.735 ( 0.009 ms): ioctl(fd: 11</dev/ptmx>, cmd: TIOCGPGRP, arg: 0x7ffda8ce1a84)         = 0
  6672.997 ( 0.039 ms): openat(dfd: CWD, filename: 0x8bcf96e0)                                = 13
  6673.171 ( 0.009 ms): newfstatat(dfd: 13</proc/1551344/cmdline>, filename: 0x2f1d844f, statbuf: 0x7ffda8ce1950, flag: 4096) = 0
  6673.309 ( 0.025 ms): read(fd: 13</proc/1551344/cmdline>, buf: 0x575d8be0ef20, count: 1024) = 9
  6673.460 ( 0.013 ms): close(fd: 13</proc/1551344/cmdline>)                                  = 0
  6673.635 ( 0.024 ms): poll(ufds: 0x575d8ba91670, nfds: 9, timeout_msecs: 8)                 = 2
  6673.931 ( 0.021 ms): writev(fd: 7, vec: 0x7ffda8ce5b80, vlen: 1)                           = 1
  6674.279 ( 0.014 ms): writev(fd: 10, vec: 0x7ffda8ce5b80, vlen: 1)                          = 1
  6674.494 ( 7.096 ms): poll(ufds: 0x575d8ba91670, nfds: 9, timeout_msecs: 7)                 = 0 (Timeout)
  6681.908 (45.067 ms): poll(ufds: 0x575d8ba91670, nfds: 9, timeout_msecs: 8320)              = 1
  6727.630 ( 0.016 ms): ioctl(fd: 7</dev/pts/0>, cmd: FIONREAD, arg: 0x7ffda8ce6388)          = 0
  6728.193 ( 0.023 ms): readv(fd: 7, vec: 0x7ffda8ce6390, vlen: 1)                            = 1
  6728.729 ( 0.036 ms): poll(ufds: 0x575d8ba91670, nfds: 9, timeout_msecs: 8273)              = 1
  6728.956 ( 0.048 ms): writev(fd: 11, vec: 0x7ffda8ce5ba0, vlen: 1)                          = 1
  6729.168 ( 0.136 ms): poll(ufds: 0x575d8ba91670, nfds: 9, timeout_msecs: 8272)              = 1
  6729.435 ( 0.010 ms): ioctl(fd: 11</dev/ptmx>, cmd: FIONREAD, arg: 0x7ffda8ce6388)          = 0
  6729.566 ( 0.012 ms): readv(fd: 11, vec: 0x7ffda8ce6390, vlen: 1)                           = 1
  6729.759 ( 0.015 ms): poll(ufds: 0x575d8ba91670, nfds: 9, timeout_msecs: 10)                = 2
  6729.981 ( 0.015 ms): writev(fd: 7, vec: 0x7ffda8ce5b80, vlen: 1)                           = 1
  6730.126 ( 0.012 ms): writev(fd: 10, vec: 0x7ffda8ce5b80, vlen: 1)                          = 1
  6730.277 ( 9.098 ms): poll(ufds: 0x575d8ba91670, nfds: 9, timeout_msecs: 9)                 = 0 (Timeout)
  6739.565 (84.811 ms): poll(ufds: 0x575d8ba91670, nfds: 9, timeout_msecs: 433)               = 1
  6825.150 ( 0.017 ms): ioctl(fd: 7</dev/pts/0>, cmd: FIONREAD, arg: 0x7ffda8ce6388)          = 0
  6825.695 ( 0.022 ms): readv(fd: 7, vec: 0x7ffda8ce6390, vlen: 1)                            = 1
  6826.344 ( 0.038 ms): poll(ufds: 0x575d8ba91670, nfds: 9, timeout_msecs: 346)               = 1
  6826.560 ( 0.021 ms): writev(fd: 11, vec: 0x7ffda8ce5ba0, vlen: 1)                          = 1
  6827.048 ( 0.023 ms): poll(ufds: 0x575d8ba91670, nfds: 9, timeout_msecs: 346)               = 1
  6827.228 ( 0.009 ms): ioctl(fd: 11</dev/ptmx>, cmd: FIONREAD, arg: 0x7ffda8ce6388)          = 0
  6827.363 ( 0.012 ms): readv(fd: 11, vec: 0x7ffda8ce6390, vlen: 1)                           = 1
  6827.561 ( 0.016 ms): poll(ufds: 0x575d8ba91670, nfds: 9, timeout_msecs: 10)                = 2
  6827.719 ( 0.017 ms): writev(fd: 7, vec: 0x7ffda8ce5b80, vlen: 1)                           = 1
  6828.049 ( 0.028 ms): writev(fd: 10, vec: 0x7ffda8ce5b80, vlen: 1)                          = 1
  6828.361 ( 9.166 ms): poll(ufds: 0x575d8ba91670, nfds: 9, timeout_msecs: 9)                 = 0 (Timeout)
  6837.759 (252.118 ms): poll(ufds: 0x575d8ba91670, nfds: 9, timeout_msecs: 335)               = 1
  7090.506 ( 0.016 ms): ioctl(fd: 7</dev/pts/0>, cmd: FIONREAD, arg: 0x7ffda8ce6388)          = 0
  7091.070 ( 0.023 ms): readv(fd: 7, vec: 0x7ffda8ce6390, vlen: 1)                            = 1
  7091.538 ( 0.032 ms): poll(ufds: 0x575d8ba91670, nfds: 9, timeout_msecs: 81)                = 1
  7091.894 ( 0.019 ms): writev(fd: 11, vec: 0x7ffda8ce5ba0, vlen: 1)                          = 1
  7092.148 ( 0.037 ms): poll(ufds: 0x575d8ba91670, nfds: 9, timeout_msecs: 80)                = 1
  7092.498 ( 0.016 ms): ioctl(fd: 11</dev/ptmx>, cmd: FIONREAD, arg: 0x7ffda8ce6388)          = 0
  7092.817 ( 0.019 ms): readv(fd: 11, vec: 0x7ffda8ce6390, vlen: 1)                           = 1
  7093.196 ( 0.027 ms): poll(ufds: 0x575d8ba91670, nfds: 9, timeout_msecs: 9)                 = 2
  7093.410 ( 0.019 ms): writev(fd: 7, vec: 0x7ffda8ce5b80, vlen: 1)                           = 1
  7093.584 ( 0.017 ms): writev(fd: 10, vec: 0x7ffda8ce5b80, vlen: 1)                          = 1
  7093.777 ( 9.096 ms): poll(ufds: 0x575d8ba91670, nfds: 9, timeout_msecs: 9)                 = 0 (Timeout)
  7103.058 (62.548 ms): poll(ufds: 0x575d8ba91670, nfds: 9, timeout_msecs: 69)                = 1
  7166.583 ( 0.021 ms): ioctl(fd: 7</dev/pts/0>, cmd: FIONREAD, arg: 0x7ffda8ce6388)          = 0
  7167.124 ( 0.023 ms): readv(fd: 7, vec: 0x7ffda8ce6390, vlen: 1)                            = 1
  7167.620 ( 0.043 ms): poll(ufds: 0x575d8ba91670, nfds: 9, timeout_msecs: 5)                 = 1
  7168.105 ( 0.020 ms): writev(fd: 11, vec: 0x7ffda8ce5ba0, vlen: 1)                          = 1
  7168.295 ( 0.140 ms): poll(ufds: 0x575d8ba91670, nfds: 9, timeout_msecs: 4)                 = 1
  7168.609 ( 0.010 ms): ioctl(fd: 11</dev/ptmx>, cmd: FIONREAD, arg: 0x7ffda8ce6388)          = 0
  7168.754 ( 0.012 ms): readv(fd: 11, vec: 0x7ffda8ce6390, vlen: 1)                           = 1
  7168.976 ( 0.017 ms): poll(ufds: 0x575d8ba91670, nfds: 9, timeout_msecs: 3)                 = 2
  7169.145 ( 0.015 ms): writev(fd: 7, vec: 0x7ffda8ce5b80, vlen: 1)                           = 1
  7169.297 ( 0.031 ms): writev(fd: 10, vec: 0x7ffda8ce5b80, vlen: 1)                          = 1
  7169.672 ( 3.091 ms): poll(ufds: 0x575d8ba91670, nfds: 9, timeout_msecs: 3)                 = 0 (Timeout)
  7173.006 ( 0.011 ms): ioctl(fd: 11</dev/ptmx>, cmd: TIOCGPGRP, arg: 0x7ffda8ce1a84)         = 0
  7173.214 ( 0.040 ms): openat(dfd: CWD, filename: 0x8bb29440)                                = 13
  7173.388 ( 0.009 ms): newfstatat(dfd: 13</proc/1551344/cmdline>, filename: 0x2f1d844f, statbuf: 0x7ffda8ce1950, flag: 4096) = 0
  7173.525 ( 0.024 ms): read(fd: 13</proc/1551344/cmdline>, buf: 0x575d8bb54470, count: 1024) = 9
  7173.685 ( 0.013 ms): close(fd: 13</proc/1551344/cmdline>)                                  = 0
  7173.880 ( 5.086 ms): poll(ufds: 0x575d8ba91670, nfds: 9, timeout_msecs: 5)                 = 0 (Timeout)
  7179.136 (88.281 ms): poll(ufds: 0x575d8ba91670, nfds: 9, timeout_msecs: 7822)              = 1
  7268.020 ( 0.019 ms): ioctl(fd: 7</dev/pts/0>, cmd: FIONREAD, arg: 0x7ffda8ce6388)          = 0
  7268.556 ( 0.059 ms): readv(fd: 7, vec: 0x7ffda8ce6390, vlen: 1)                            = 1
  7269.230 ( 0.067 ms): poll(ufds: 0x575d8ba91670, nfds: 9, timeout_msecs: 7732)              = 1
  7269.489 ( 0.021 ms): writev(fd: 11, vec: 0x7ffda8ce5ba0, vlen: 1)                          = 1
  7269.670 ( 0.194 ms): poll(ufds: 0x575d8ba91670, nfds: 9, timeout_msecs: 7732)              = 1
  7270.012 ( 0.010 ms): ioctl(fd: 11</dev/ptmx>, cmd: FIONREAD, arg: 0x7ffda8ce6388)          = 0
  7270.142 ( 0.011 ms): readv(fd: 11, vec: 0x7ffda8ce6390, vlen: 1)                           = 1
  7270.339 ( 0.030 ms): poll(ufds: 0x575d8ba91670, nfds: 9, timeout_msecs: 10)                = 2
  7270.516 ( 0.015 ms): writev(fd: 7, vec: 0x7ffda8ce5b80, vlen: 1)                           = 1
  7270.659 ( 0.012 ms): writev(fd: 10, vec: 0x7ffda8ce5b80, vlen: 1)                          = 1
  7270.839 (10.098 ms): poll(ufds: 0x575d8ba91670, nfds: 9, timeout_msecs: 10)                = 0 (Timeout)
  7281.123 (184.324 ms): poll(ufds: 0x575d8ba91670, nfds: 9, timeout_msecs: 392)               = 1
  7466.307 ( 0.026 ms): ioctl(fd: 7</dev/pts/0>, cmd: FIONREAD, arg: 0x7ffda8ce6388)          = 0
  7466.930 ( 0.023 ms): readv(fd: 7, vec: 0x7ffda8ce6390, vlen: 1)                            = 1
  7467.524 ( 0.047 ms): poll(ufds: 0x575d8ba91670, nfds: 9, timeout_msecs: 206)               = 1
  7467.754 ( 0.084 ms): writev(fd: 11, vec: 0x7ffda8ce5ba0, vlen: 1)                          = 1
  7468.030 ( 0.073 ms): poll(ufds: 0x575d8ba91670, nfds: 9, timeout_msecs: 205)               = 1
  7468.232 ( 0.010 ms): ioctl(fd: 11</dev/ptmx>, cmd: FIONREAD, arg: 0x7ffda8ce6388)          = 0
  7468.369 ( 0.012 ms): readv(fd: 11, vec: 0x7ffda8ce6390, vlen: 1)                           = 1
  7468.590 ( 0.035 ms): poll(ufds: 0x575d8ba91670, nfds: 9, timeout_msecs: 10)                = 2
  7468.775 ( 0.016 ms): writev(fd: 10, vec: 0x7ffda8ce5b80, vlen: 1)                          = 1
  7469.081 ( 0.020 ms): writev(fd: 7, vec: 0x7ffda8ce5b80, vlen: 1)                           = 1
  7469.525 ( 9.104 ms): poll(ufds: 0x575d8ba91670, nfds: 9, timeout_msecs: 9)                 = 0 (Timeout)
  7479.048 (194.315 ms): poll(ufds: 0x575d8ba91670, nfds: 9, timeout_msecs: 194)               = 0 (Timeout)
  7674.376 ( 0.025 ms): ioctl(fd: 11</dev/ptmx>, cmd: TIOCGPGRP, arg: 0x7ffda8ce1a84)         = 0
  7675.037 ( 0.044 ms): openat(dfd: CWD, filename: 0x8bcc7090)                                = 13
  7675.472 ( 0.046 ms): newfstatat(dfd: 13</proc/1551344/cmdline>, filename: 0x2f1d844f, statbuf: 0x7ffda8ce1950, flag: 4096) = 0
  7675.758 ( 0.027 ms): read(fd: 13</proc/1551344/cmdline>, buf: 0x575d8bc61460, count: 1024) = 9
  7675.959 ( 0.013 ms): close(fd: 13</proc/1551344/cmdline>)                                  = 0
  7676.158 (122.198 ms): poll(ufds: 0x575d8ba91670, nfds: 9, timeout_msecs: 7325)              = 1
  7799.200 ( 0.024 ms): ioctl(fd: 7</dev/pts/0>, cmd: FIONREAD, arg: 0x7ffda8ce6388)          = 0
  7799.690 ( 0.020 ms): readv(fd: 7, vec: 0x7ffda8ce6390, vlen: 1)                            = 1
  7800.229 ( 0.039 ms): poll(ufds: 0x575d8ba91670, nfds: 9, timeout_msecs: 7201)              = 1
  7800.541 ( 0.019 ms): writev(fd: 11, vec: 0x7ffda8ce5ba0, vlen: 1)                          = 1
  7800.967 ( 0.023 ms): poll(ufds: 0x575d8ba91670, nfds: 9, timeout_msecs: 7201)              = 1
  7801.248 ( 0.009 ms): ioctl(fd: 11</dev/ptmx>, cmd: FIONREAD, arg: 0x7ffda8ce6388)          = 0
  7801.525 ( 0.012 ms): readv(fd: 11, vec: 0x7ffda8ce6390, vlen: 1)                           = 1
  7801.869 ( 0.018 ms): poll(ufds: 0x575d8ba91670, nfds: 9, timeout_msecs: 10)                = 2
  7802.149 ( 0.014 ms): writev(fd: 7, vec: 0x7ffda8ce5b80, vlen: 1)                           = 1
  7802.352 ( 0.049 ms): writev(fd: 10, vec: 0x7ffda8ce5b80, vlen: 1)                          = 1
  7802.576 ( 3.034 ms): poll(ufds: 0x575d8ba91670, nfds: 9, timeout_msecs: 9)                 = 1
  7805.849 ( 0.010 ms): ioctl(fd: 7</dev/pts/0>, cmd: FIONREAD, arg: 0x7ffda8ce6388)          = 0
  7806.000 ( 0.014 ms): readv(fd: 7, vec: 0x7ffda8ce6390, vlen: 1)                            = 1
  7806.222 ( 0.024 ms): poll(ufds: 0x575d8ba91670, nfds: 9, timeout_msecs: 5)                 = 1
  7806.391 ( 0.017 ms): writev(fd: 11, vec: 0x7ffda8ce5ba0, vlen: 1)                          = 1
  7806.874 ( 0.023 ms): poll(ufds: 0x575d8ba91670, nfds: 9, timeout_msecs: 5)                 = 1
  7807.191 ( 0.009 ms): ioctl(fd: 11</dev/ptmx>, cmd: FIONREAD, arg: 0x7ffda8ce6388)          = 0
  7807.459 ( 0.012 ms): readv(fd: 11, vec: 0x7ffda8ce6390, vlen: 1)                           = 1
  7807.899 ( 0.016 ms): poll(ufds: 0x575d8ba91670, nfds: 9, timeout_msecs: 4)                 = 2
  7808.201 ( 0.014 ms): writev(fd: 10, vec: 0x7ffda8ce5b80, vlen: 1)                          = 1
  7808.356 ( 0.012 ms): writev(fd: 7, vec: 0x7ffda8ce5b80, vlen: 1)                           = 1
  7808.516 ( 3.089 ms): poll(ufds: 0x575d8ba91670, nfds: 9, timeout_msecs: 3)                 = 0 (Timeout)
  7811.776 (112.201 ms): poll(ufds: 0x575d8ba91670, nfds: 9, timeout_msecs: 363)               = 1
  7924.591 ( 0.015 ms): ioctl(fd: 7</dev/pts/0>, cmd: FIONREAD, arg: 0x7ffda8ce6388)          = 0
  7925.305 ( 0.035 ms): readv(fd: 7, vec: 0x7ffda8ce6390, vlen: 1)                            = 1
  7926.039 ( 0.047 ms): poll(ufds: 0x575d8ba91670, nfds: 9, timeout_msecs: 249)               = 1
  7926.360 ( 0.022 ms): writev(fd: 11, vec: 0x7ffda8ce5ba0, vlen: 1)                          = 1
  7926.777 ( 0.023 ms): poll(ufds: 0x575d8ba91670, nfds: 9, timeout_msecs: 248)               = 1
  7927.116 ( 0.012 ms): ioctl(fd: 11</dev/ptmx>, cmd: FIONREAD, arg: 0x7ffda8ce6388)          = 0
  7927.267 ( 0.013 ms): readv(fd: 11, vec: 0x7ffda8ce6390, vlen: 1)                           = 1
  7927.470 ( 0.016 ms): poll(ufds: 0x575d8ba91670, nfds: 9, timeout_msecs: 10)                = 2
  7927.636 ( 0.015 ms): writev(fd: 7, vec: 0x7ffda8ce5b80, vlen: 1)                           = 1
  7927.783 ( 0.013 ms): writev(fd: 10, vec: 0x7ffda8ce5b80, vlen: 1)                          = 1
  7928.057 ( 9.102 ms): poll(ufds: 0x575d8ba91670, nfds: 9, timeout_msecs: 9)                 = 0 (Timeout)
  7937.524 (154.704 ms): poll(ufds: 0x575d8ba91670, nfds: 9, timeout_msecs: 237)               = 1
  8092.853 ( 0.015 ms): ioctl(fd: 7</dev/pts/0>, cmd: FIONREAD, arg: 0x7ffda8ce6388)          = 0
  8093.308 ( 0.019 ms): readv(fd: 7, vec: 0x7ffda8ce6390, vlen: 1)                            = 1
  8093.585 ( 0.032 ms): poll(ufds: 0x575d8ba91670, nfds: 9, timeout_msecs: 81)                = 1
  8093.768 ( 0.018 ms): writev(fd: 11, vec: 0x7ffda8ce5ba0, vlen: 1)                          = 1
  8093.983 ( 0.046 ms): poll(ufds: 0x575d8ba91670, nfds: 9, timeout_msecs: 80)                = 1
  8094.192 ( 0.009 ms): ioctl(fd: 11</dev/ptmx>, cmd: FIONREAD, arg: 0x7ffda8ce6388)          = 0
  8094.324 ( 0.012 ms): readv(fd: 11, vec: 0x7ffda8ce6390, vlen: 1)                           = 1
  8094.515 ( 0.016 ms): poll(ufds: 0x575d8ba91670, nfds: 9, timeout_msecs: 10)                = 2
  8094.675 ( 0.014 ms): writev(fd: 7, vec: 0x7ffda8ce5b80, vlen: 1)                           = 1
  8094.837 ( 0.012 ms): writev(fd: 10, vec: 0x7ffda8ce5b80, vlen: 1)                          = 1
  8095.005 ( 9.115 ms): poll(ufds: 0x575d8ba91670, nfds: 9, timeout_msecs: 9)                 = 0 (Timeout)
  8104.303 (36.106 ms): poll(ufds: 0x575d8ba91670, nfds: 9, timeout_msecs: 70)                = 1
  8141.265 ( 0.025 ms): ioctl(fd: 7</dev/pts/0>, cmd: FIONREAD, arg: 0x7ffda8ce6388)          = 0
  8141.758 ( 0.020 ms): readv(fd: 7, vec: 0x7ffda8ce6390, vlen: 1)                            = 1
  8142.318 ( 0.046 ms): poll(ufds: 0x575d8ba91670, nfds: 9, timeout_msecs: 32)                = 1
  8142.753 ( 0.020 ms): writev(fd: 11, vec: 0x7ffda8ce5ba0, vlen: 1)                          = 1
  8143.071 ( 0.022 ms): poll(ufds: 0x575d8ba91670, nfds: 9, timeout_msecs: 31)                = 1
  8143.230 ( 0.010 ms): ioctl(fd: 11</dev/ptmx>, cmd: FIONREAD, arg: 0x7ffda8ce6388)          = 0
  8143.363 ( 0.012 ms): readv(fd: 11, vec: 0x7ffda8ce6390, vlen: 1)                           = 1
  8143.555 ( 0.016 ms): poll(ufds: 0x575d8ba91670, nfds: 9, timeout_msecs: 10)                = 2
  8143.736 ( 0.015 ms): writev(fd: 7, vec: 0x7ffda8ce5b80, vlen: 1)                           = 1
  8143.900 ( 0.012 ms): writev(fd: 10, vec: 0x7ffda8ce5b80, vlen: 1)                          = 1
  8144.055 ( 9.096 ms): poll(ufds: 0x575d8ba91670, nfds: 9, timeout_msecs: 9)                 = 0 (Timeout)
  8153.327 (21.312 ms): poll(ufds: 0x575d8ba91670, nfds: 9, timeout_msecs: 21)                = 0 (Timeout)
  8175.339 ( 0.017 ms): ioctl(fd: 11</dev/ptmx>, cmd: TIOCGPGRP, arg: 0x7ffda8ce1a84)         = 0
  8175.937 ( 0.043 ms): openat(dfd: CWD, filename: 0x8bc548e0)                                = 13
  8176.433 ( 0.016 ms): newfstatat(dfd: 13</proc/1551344/cmdline>, filename: 0x2f1d844f, statbuf: 0x7ffda8ce1950, flag: 4096) = 0
  8176.603 ( 0.027 ms): read(fd: 13</proc/1551344/cmdline>, buf: 0x575d8be0ef20, count: 1024) = 9
  8176.784 ( 0.013 ms): close(fd: 13</proc/1551344/cmdline>)                                  = 0
  8176.998 (226.706 ms): poll(ufds: 0x575d8ba91670, nfds: 9, timeout_msecs: 6824)              = 1
  8404.364 ( 0.016 ms): ioctl(fd: 7</dev/pts/0>, cmd: FIONREAD, arg: 0x7ffda8ce6388)          = 0
  8404.899 ( 0.021 ms): readv(fd: 7, vec: 0x7ffda8ce6390, vlen: 1)                            = 1
  8405.419 ( 0.031 ms): poll(ufds: 0x575d8ba91670, nfds: 9, timeout_msecs: 6596)              = 1
  8405.723 ( 0.018 ms): writev(fd: 11, vec: 0x7ffda8ce5ba0, vlen: 1)                          = 1
  8406.011 ( 0.021 ms): poll(ufds: 0x575d8ba91670, nfds: 9, timeout_msecs: 6596)              = 1
  8406.203 ( 0.010 ms): ioctl(fd: 11</dev/ptmx>, cmd: FIONREAD, arg: 0x7ffda8ce6388)          = 0
  8406.337 ( 0.012 ms): readv(fd: 11, vec: 0x7ffda8ce6390, vlen: 1)                           = 1
  8406.531 ( 0.016 ms): poll(ufds: 0x575d8ba91670, nfds: 9, timeout_msecs: 10)                = 2
  8406.690 ( 0.031 ms): writev(fd: 7, vec: 0x7ffda8ce5b80, vlen: 1)                           = 1
  8406.927 ( 0.013 ms): writev(fd: 10, vec: 0x7ffda8ce5b80, vlen: 1)                          = 1
  8407.102 ( 9.095 ms): poll(ufds: 0x575d8ba91670, nfds: 9, timeout_msecs: 9)                 = 0 (Timeout)
  8416.377 (145.165 ms): poll(ufds: 0x575d8ba91670, nfds: 9, timeout_msecs: 259)               = 1
  8562.187 ( 0.016 ms): ioctl(fd: 7</dev/pts/0>, cmd: FIONREAD, arg: 0x7ffda8ce6388)          = 0
  8562.723 ( 0.022 ms): readv(fd: 7, vec: 0x7ffda8ce6390, vlen: 1)                            = 1
  8563.553 ( 0.036 ms): poll(ufds: 0x575d8ba91670, nfds: 9, timeout_msecs: 112)               = 1
  8563.769 ( 0.020 ms): writev(fd: 11, vec: 0x7ffda8ce5ba0, vlen: 1)                          = 1
  8564.005 ( 0.023 ms): poll(ufds: 0x575d8ba91670, nfds: 9, timeout_msecs: 111)               = 1
  8564.162 ( 0.009 ms): ioctl(fd: 11</dev/ptmx>, cmd: FIONREAD, arg: 0x7ffda8ce6388)          = 0
  8564.294 ( 0.013 ms): readv(fd: 11, vec: 0x7ffda8ce6390, vlen: 1)                           = 1
  8564.504 ( 0.016 ms): poll(ufds: 0x575d8ba91670, nfds: 9, timeout_msecs: 10)                = 2
  8564.662 ( 0.014 ms): writev(fd: 7, vec: 0x7ffda8ce5b80, vlen: 1)                           = 1
  8564.804 ( 0.013 ms): writev(fd: 10, vec: 0x7ffda8ce5b80, vlen: 1)                          = 1
  8565.018 ( 9.097 ms): poll(ufds: 0x575d8ba91670, nfds: 9, timeout_msecs: 9)                 = 0 (Timeout)
  8574.293 (94.584 ms): poll(ufds: 0x575d8ba91670, nfds: 9, timeout_msecs: 101)               = 1
  8669.695 ( 0.022 ms): ioctl(fd: 7</dev/pts/0>, cmd: FIONREAD, arg: 0x7ffda8ce6388)          = 0
  8670.250 ( 0.022 ms): readv(fd: 7, vec: 0x7ffda8ce6390, vlen: 1)                            = 1
  8670.876 ( 0.048 ms): poll(ufds: 0x575d8ba91670, nfds: 9, timeout_msecs: 5)                 = 1
  8671.205 ( 0.020 ms): writev(fd: 11, vec: 0x7ffda8ce5ba0, vlen: 1)                          = 1
  8671.393 ( 0.025 ms): poll(ufds: 0x575d8ba91670, nfds: 9, timeout_msecs: 4)                 = 1
  8671.549 ( 0.009 ms): ioctl(fd: 11</dev/ptmx>, cmd: FIONREAD, arg: 0x7ffda8ce6388)          = 0
  8671.704 ( 0.012 ms): readv(fd: 11, vec: 0x7ffda8ce6390, vlen: 1)                           = 1
  8671.922 ( 0.017 ms): poll(ufds: 0x575d8ba91670, nfds: 9, timeout_msecs: 4)                 = 2
  8672.176 ( 0.015 ms): writev(fd: 7, vec: 0x7ffda8ce5b80, vlen: 1)                           = 1
  8672.322 ( 0.013 ms): writev(fd: 10, vec: 0x7ffda8ce5b80, vlen: 1)                          = 1
  8672.479 ( 3.087 ms): poll(ufds: 0x575d8ba91670, nfds: 9, timeout_msecs: 3)                 = 0 (Timeout)
  8675.780 ( 0.009 ms): ioctl(fd: 11</dev/ptmx>, cmd: TIOCGPGRP, arg: 0x7ffda8ce1a84)         = 0
  8675.973 ( 0.038 ms): openat(dfd: CWD, filename: 0x8bcf96e0)                                = 13
  8676.152 ( 0.010 ms): newfstatat(dfd: 13</proc/1551344/cmdline>, filename: 0x2f1d844f, statbuf: 0x7ffda8ce1950, flag: 4096) = 0
  8676.294 ( 0.025 ms): read(fd: 13</proc/1551344/cmdline>, buf: 0x575d8bb54470, count: 1024) = 9
  8676.447 ( 0.012 ms): close(fd: 13</proc/1551344/cmdline>)                                  = 0
  8676.633 ( 5.090 ms): poll(ufds: 0x575d8ba91670, nfds: 9, timeout_msecs: 5)                 = 0 (Timeout)
  8681.898 ( 1.084 ms): poll(ufds: 0x575d8ba91670, nfds: 9, timeout_msecs: 1)                 = 0 (Timeout)
  8683.149 (173.805 ms): poll(ufds: 0x575d8ba91670, nfds: 9, timeout_msecs: 6318)              = 1
  8857.621 ( 0.016 ms): ioctl(fd: 7</dev/pts/0>, cmd: FIONREAD, arg: 0x7ffda8ce6388)          = 0
  8858.136 ( 0.022 ms): readv(fd: 7, vec: 0x7ffda8ce6390, vlen: 1)                            = 1
  8858.762 ( 0.037 ms): poll(ufds: 0x575d8ba91670, nfds: 9, timeout_msecs: 6143)              = 1
  8859.116 ( 0.021 ms): writev(fd: 11, vec: 0x7ffda8ce5ba0, vlen: 1)                          = 1
  8859.304 ( 0.083 ms): poll(ufds: 0x575d8ba91670, nfds: 9, timeout_msecs: 6142)              = 1
  8859.519 ( 0.009 ms): ioctl(fd: 11</dev/ptmx>, cmd: FIONREAD, arg: 0x7ffda8ce6388)          = 0
  8859.650 ( 0.012 ms): readv(fd: 11, vec: 0x7ffda8ce6390, vlen: 1)                           = 1
  8859.930 ( 0.017 ms): poll(ufds: 0x575d8ba91670, nfds: 9, timeout_msecs: 10)                = 2
  8860.094 ( 0.015 ms): writev(fd: 7, vec: 0x7ffda8ce5b80, vlen: 1)                           = 1
  8860.267 ( 0.012 ms): writev(fd: 10, vec: 0x7ffda8ce5b80, vlen: 1)                          = 1
  8860.424 ( 9.099 ms): poll(ufds: 0x575d8ba91670, nfds: 9, timeout_msecs: 9)                 = 0 (Timeout)
  8869.705 (84.978 ms): poll(ufds: 0x575d8ba91670, nfds: 9, timeout_msecs: 306)               = 1
  8955.534 ( 0.021 ms): ioctl(fd: 7</dev/pts/0>, cmd: FIONREAD, arg: 0x7ffda8ce6388)          = 0
  8956.076 ( 0.022 ms): readv(fd: 7, vec: 0x7ffda8ce6390, vlen: 1)                            = 1
  8956.447 ( 0.078 ms): poll(ufds: 0x575d8ba91670, nfds: 9, timeout_msecs: 219)               = 1
  8956.688 ( 0.019 ms): writev(fd: 11, vec: 0x7ffda8ce5ba0, vlen: 1)                          = 1
  8956.871 ( 0.146 ms): poll(ufds: 0x575d8ba91670, nfds: 9, timeout_msecs: 219)               = 1
  8957.162 ( 0.009 ms): ioctl(fd: 11</dev/ptmx>, cmd: FIONREAD, arg: 0x7ffda8ce6388)          = 0
  8957.290 ( 0.011 ms): readv(fd: 11, vec: 0x7ffda8ce6390, vlen: 1)                           = 1
  8957.478 ( 0.015 ms): poll(ufds: 0x575d8ba91670, nfds: 9, timeout_msecs: 10)                = 2
  8957.652 ( 0.014 ms): writev(fd: 7, vec: 0x7ffda8ce5b80, vlen: 1)                           = 1
  8957.797 ( 0.013 ms): writev(fd: 10, vec: 0x7ffda8ce5b80, vlen: 1)                          = 1
  8957.973 ( 9.099 ms): poll(ufds: 0x575d8ba91670, nfds: 9, timeout_msecs: 9)                 = 0 (Timeout)
  8967.250 (114.314 ms): poll(ufds: 0x575d8ba91670, nfds: 9, timeout_msecs: 208)               = 1
  9082.185 ( 0.016 ms): ioctl(fd: 7</dev/pts/0>, cmd: FIONREAD, arg: 0x7ffda8ce6388)          = 0
  9082.677 ( 0.022 ms): readv(fd: 7, vec: 0x7ffda8ce6390, vlen: 1)                            = 1
  9083.262 ( 0.032 ms): poll(ufds: 0x575d8ba91670, nfds: 9, timeout_msecs: 92)                = 1
  9083.516 ( 0.018 ms): writev(fd: 11, vec: 0x7ffda8ce5ba0, vlen: 1)                          = 1
  9083.686 ( 0.145 ms): poll(ufds: 0x575d8ba91670, nfds: 9, timeout_msecs: 92)                = 1
  9084.003 ( 0.009 ms): ioctl(fd: 11</dev/ptmx>, cmd: FIONREAD, arg: 0x7ffda8ce6388)          = 0
  9084.133 ( 0.012 ms): readv(fd: 11, vec: 0x7ffda8ce6390, vlen: 1)                           = 1
  9084.340 ( 0.015 ms): poll(ufds: 0x575d8ba91670, nfds: 9, timeout_msecs: 10)                = 2
  9084.500 ( 0.014 ms): writev(fd: 7, vec: 0x7ffda8ce5b80, vlen: 1)                           = 1
  9084.642 ( 0.012 ms): writev(fd: 10, vec: 0x7ffda8ce5b80, vlen: 1)                          = 1
  9084.821 (10.095 ms): poll(ufds: 0x575d8ba91670, nfds: 9, timeout_msecs: 10)                = 0 (Timeout)
  9095.107 (80.371 ms): poll(ufds: 0x575d8ba91670, nfds: 9, timeout_msecs: 80)                = 0 (Timeout)
  9176.406 ( 0.026 ms): ioctl(fd: 11</dev/ptmx>, cmd: TIOCGPGRP, arg: 0x7ffda8ce1a84)         = 0
  9177.017 ( 0.044 ms): openat(dfd: CWD, filename: 0x8bb29440)                                = 13
  9177.532 ( 0.016 ms): newfstatat(dfd: 13</proc/1551344/cmdline>, filename: 0x2f1d844f, statbuf: 0x7ffda8ce1950, flag: 4096) = 0
  9177.700 ( 0.028 ms): read(fd: 13</proc/1551344/cmdline>, buf: 0x575d8be0ef20, count: 1024) = 9
  9177.922 ( 0.014 ms): close(fd: 13</proc/1551344/cmdline>)                                  = 0
  9178.122 (20.113 ms): poll(ufds: 0x575d8ba91670, nfds: 9, timeout_msecs: 5823)              = 1
  9198.669 ( 0.016 ms): ioctl(fd: 7</dev/pts/0>, cmd: FIONREAD, arg: 0x7ffda8ce6388)          = 0
  9199.086 ( 0.021 ms): readv(fd: 7, vec: 0x7ffda8ce6390, vlen: 1)                            = 1
  9199.523 ( 0.052 ms): poll(ufds: 0x575d8ba91670, nfds: 9, timeout_msecs: 5802)              = 1
  9199.745 ( 0.017 ms): writev(fd: 11, vec: 0x7ffda8ce5ba0, vlen: 1)                          = 1
  9199.941 ( 0.241 ms): poll(ufds: 0x575d8ba91670, nfds: 9, timeout_msecs: 5802)              = 1
  9200.312 ( 0.008 ms): ioctl(fd: 11</dev/ptmx>, cmd: FIONREAD, arg: 0x7ffda8ce6388)          = 0
  9200.437 ( 0.028 ms): readv(fd: 11, vec: 0x7ffda8ce6390, vlen: 1)                           = 1
  9200.645 ( 0.016 ms): poll(ufds: 0x575d8ba91670, nfds: 9, timeout_msecs: 10)                = 2
  9200.805 ( 0.015 ms): writev(fd: 10, vec: 0x7ffda8ce5b80, vlen: 1)                          = 1
  9200.971 ( 0.012 ms): writev(fd: 7, vec: 0x7ffda8ce5b80, vlen: 1)                           = 1
  9201.143 ( 9.092 ms): poll(ufds: 0x575d8ba91670, nfds: 9, timeout_msecs: 9)                 = 0 (Timeout)
  9210.409 (135.601 ms): poll(ufds: 0x575d8ba91670, nfds: 9, timeout_msecs: 466)               = 1
  9346.663 ( 0.016 ms): ioctl(fd: 7</dev/pts/0>, cmd: FIONREAD, arg: 0x7ffda8ce6388)          = 0
  9347.186 ( 0.021 ms): readv(fd: 7, vec: 0x7ffda8ce6390, vlen: 1)                            = 1
  9347.590 ( 0.031 ms): poll(ufds: 0x575d8ba91670, nfds: 9, timeout_msecs: 329)               = 1
  9347.777 ( 0.018 ms): writev(fd: 11, vec: 0x7ffda8ce5ba0, vlen: 1)                          = 1
  9348.144 ( 0.024 ms): poll(ufds: 0x575d8ba91670, nfds: 9, timeout_msecs: 328)               = 1
  9348.488 ( 0.010 ms): ioctl(fd: 11</dev/ptmx>, cmd: FIONREAD, arg: 0x7ffda8ce6388)          = 0
  9348.759 ( 0.013 ms): readv(fd: 11, vec: 0x7ffda8ce6390, vlen: 1)                           = 1
  9349.268 (         ): poll(ufds: 0x575d8ba91670, nfds: 9, timeout_msecs: 9)              ...
  9349.433 ( 0.015 ms): writev(fd: 7, vec: 0x7ffda8ce5b80, vlen: 1)                           = 1
  9349.575 ( 0.012 ms): writev(fd: 10, vec: 0x7ffda8ce5b80, vlen: 1)                          = 1
  9349.738 ( 9.098 ms): poll(ufds: 0x575d8ba91670, nfds: 9, timeout_msecs: 9)                 = 0 (Timeout)
  9359.057 (62.183 ms): poll(ufds: 0x575d8ba91670, nfds: 9, timeout_msecs: 317)               = 1
  9421.891 ( 0.015 ms): ioctl(fd: 7</dev/pts/0>, cmd: FIONREAD, arg: 0x7ffda8ce6388)          = 0
  9422.418 ( 0.022 ms): readv(fd: 7, vec: 0x7ffda8ce6390, vlen: 1)                            = 1
  9422.819 ( 0.060 ms): poll(ufds: 0x575d8ba91670, nfds: 9, timeout_msecs: 254)               = 1
  9423.164 ( 0.018 ms): writev(fd: 11, vec: 0x7ffda8ce5ba0, vlen: 1)                          = 1
  9423.336 ( 0.147 ms): poll(ufds: 0x575d8ba91670, nfds: 9, timeout_msecs: 253)               = 1
  9423.630 ( 0.009 ms): ioctl(fd: 11</dev/ptmx>, cmd: FIONREAD, arg: 0x7ffda8ce6388)          = 0
  9423.759 ( 0.012 ms): readv(fd: 11, vec: 0x7ffda8ce6390, vlen: 1)                           = 1
  9423.979 ( 0.016 ms): poll(ufds: 0x575d8ba91670, nfds: 9, timeout_msecs: 9)                 = 2
  9424.142 ( 0.013 ms): writev(fd: 7, vec: 0x7ffda8ce5b80, vlen: 1)                           = 1
  9424.286 ( 0.020 ms): writev(fd: 10, vec: 0x7ffda8ce5b80, vlen: 1)                          = 1
  9424.465 ( 9.094 ms): poll(ufds: 0x575d8ba91670, nfds: 9, timeout_msecs: 9)                 = 0 (Timeout)
  9433.734 (118.775 ms): poll(ufds: 0x575d8ba91670, nfds: 9, timeout_msecs: 243)               = 1
  9553.466 ( 0.021 ms): ioctl(fd: 7</dev/pts/0>, cmd: FIONREAD, arg: 0x7ffda8ce6388)          = 0
  9554.171 ( 0.025 ms): readv(fd: 7, vec: 0x7ffda8ce6390, vlen: 1)                            = 1
  9554.889 ( 0.084 ms): poll(ufds: 0x575d8ba91670, nfds: 9, timeout_msecs: 122)               = 1
  9555.370 ( 0.027 ms): writev(fd: 11, vec: 0x7ffda8ce5ba0, vlen: 1)                          = 1
  9555.516 ( 0.177 ms): poll(ufds: 0x575d8ba91670, nfds: 9, timeout_msecs: 121)               = 1
  9555.783 ( 0.007 ms): ioctl(fd: 11</dev/ptmx>, cmd: FIONREAD, arg: 0x7ffda8ce6388)          = 0
  9555.914 ( 0.009 ms): readv(fd: 11, vec: 0x7ffda8ce6390, vlen: 1)                           = 1
  9556.045 ( 0.032 ms): poll(ufds: 0x575d8ba91670, nfds: 9, timeout_msecs: 9)                 = 2
  9556.169 ( 0.009 ms): writev(fd: 7, vec: 0x7ffda8ce5b80, vlen: 1)                           = 1
  9556.258 ( 0.009 ms): writev(fd: 10, vec: 0x7ffda8ce5b80, vlen: 1)                          = 1
  9556.352 ( 9.082 ms): poll(ufds: 0x575d8ba91670, nfds: 9, timeout_msecs: 9)                 = 0 (Timeout)
  9565.535 (111.363 ms): poll(ufds: 0x575d8ba91670, nfds: 9, timeout_msecs: 111)               = 0 (Timeout)
  9677.608 ( 0.018 ms): ioctl(fd: 11</dev/ptmx>, cmd: TIOCGPGRP, arg: 0x7ffda8ce1a84)         = 0
  9678.223 ( 0.050 ms): openat(dfd: CWD, filename: 0x8bcc7090)                                = 13
  9678.565 ( 0.008 ms): newfstatat(dfd: 13</proc/1551344/cmdline>, filename: 0x2f1d844f, statbuf: 0x7ffda8ce1950, flag: 4096) = 0
  9678.694 ( 0.024 ms): read(fd: 13</proc/1551344/cmdline>, buf: 0x575d8be0ef20, count: 1024) = 9
  9678.823 ( 0.010 ms): close(fd: 13</proc/1551344/cmdline>)                                  = 0
  9679.004 (2350.585 ms): poll(ufds: 0x575d8ba91670, nfds: 9, timeout_msecs: 5322)              = 1
 12030.208 ( 0.018 ms): ioctl(fd: 7</dev/pts/0>, cmd: FIONREAD, arg: 0x7ffda8ce6388)          = 0
 12030.685 ( 0.024 ms): readv(fd: 7, vec: 0x7ffda8ce6390, vlen: 1)                            = 1
 12031.178 ( 0.038 ms): poll(ufds: 0x575d8ba91670, nfds: 9, timeout_msecs: 2970)              = 1
 12031.359 ( 0.017 ms): writev(fd: 11, vec: 0x7ffda8ce5ba0, vlen: 1)                          = 1
 12031.487 ( 0.150 ms): poll(ufds: 0x575d8ba91670, nfds: 9, timeout_msecs: 2970)              = 1
 12031.722 ( 0.007 ms): ioctl(fd: 11</dev/ptmx>, cmd: FIONREAD, arg: 0x7ffda8ce6388)          = 0
 12031.805 ( 0.009 ms): readv(fd: 11, vec: 0x7ffda8ce6390, vlen: 1)                           = 1
 12032.004 ( 0.006 ms): ioctl(fd: 11</dev/ptmx>, cmd: TIOCGPGRP, arg: 0x7ffda8ce1a84)         = 0
 12032.101 ( 0.026 ms): openat(dfd: CWD, filename: 0x8bc548e0)                                = 13
 12032.207 ( 0.008 ms): newfstatat(dfd: 13</proc/1551344/cmdline>, filename: 0x2f1d844f, statbuf: 0x7ffda8ce1950, flag: 4096) = 0
 12032.306 ( 0.018 ms): read(fd: 13</proc/1551344/cmdline>, buf: 0x575d8be0ef20, count: 1024) = 9
 12032.400 ( 0.009 ms): close(fd: 13</proc/1551344/cmdline>)                                  = 0
 12032.507 ( 0.011 ms): poll(ufds: 0x575d8ba91670, nfds: 9, timeout_msecs: 9)                 = 2
 12032.605 ( 0.025 ms): writev(fd: 7, vec: 0x7ffda8ce5b80, vlen: 1)                           = 1
 12032.710 ( 0.015 ms): writev(fd: 10, vec: 0x7ffda8ce5b80, vlen: 1)                          = 1
 12032.836 ( 9.098 ms): poll(ufds: 0x575d8ba91670, nfds: 9, timeout_msecs: 9)                 = 0 (Timeout)
 12042.064 (365.997 ms): poll(ufds: 0x575d8ba91670, nfds: 9, timeout_msecs: 2959)              = 1
 12408.670 ( 0.015 ms): ioctl(fd: 7</dev/pts/0>, cmd: FIONREAD, arg: 0x7ffda8ce6388)          = 0
 12409.158 ( 0.026 ms): readv(fd: 7, vec: 0x7ffda8ce6390, vlen: 1)                            = 1
 12409.486 ( 0.057 ms): poll(ufds: 0x575d8ba91670, nfds: 9, timeout_msecs: 2592)              = 1
 12409.669 ( 0.021 ms): writev(fd: 11, vec: 0x7ffda8ce5ba0, vlen: 1)                          = 1
 12409.815 ( 0.014 ms): poll(ufds: 0x575d8ba91670, nfds: 9, timeout_msecs: 2592)              = 1
 12410.095 ( 0.007 ms): ioctl(fd: 11</dev/ptmx>, cmd: FIONREAD, arg: 0x7ffda8ce6388)          = 0
 12410.262 ( 0.008 ms): readv(fd: 11, vec: 0x7ffda8ce6390, vlen: 1)                           = 1
 12410.413 ( 0.020 ms): poll(ufds: 0x575d8ba91670, nfds: 9, timeout_msecs: 9)                 = 2
 12410.534 ( 0.009 ms): writev(fd: 7, vec: 0x7ffda8ce5b80, vlen: 1)                           = 1
 12410.626 ( 0.012 ms): writev(fd: 10, vec: 0x7ffda8ce5b80, vlen: 1)                          = 1
 12410.935 ( 9.080 ms): poll(ufds: 0x575d8ba91670, nfds: 9, timeout_msecs: 9)                 = 0 (Timeout)
 12420.294 (112.246 ms): poll(ufds: 0x575d8ba91670, nfds: 9, timeout_msecs: 112)               = 0 (Timeout)
 12533.277 ( 0.017 ms): ioctl(fd: 11</dev/ptmx>, cmd: TIOCGPGRP, arg: 0x7ffda8ce1a84)         = 0
 12533.889 ( 0.066 ms): openat(dfd: CWD, filename: 0x8bcf96e0)                                = 13
 12534.431 ( 0.015 ms): newfstatat(dfd: 13</proc/1551344/cmdline>, filename: 0x2f1d844f, statbuf: 0x7ffda8ce1950, flag: 4096) = 0
 12534.603 ( 0.043 ms): read(fd: 13</proc/1551344/cmdline>, buf: 0x575d8be0ef20, count: 1024) = 9
 12534.910 ( 0.037 ms): close(fd: 13</proc/1551344/cmdline>)                                  = 0
 12535.140 (10.819 ms): poll(ufds: 0x575d8ba91670, nfds: 9, timeout_msecs: 2466)              = 1
 12546.234 ( 0.016 ms): ioctl(fd: 7</dev/pts/0>, cmd: FIONREAD, arg: 0x7ffda8ce6388)          = 0
 12546.459 ( 0.021 ms): readv(fd: 7, vec: 0x7ffda8ce6390, vlen: 1)                            = 1
 12546.667 ( 0.026 ms): poll(ufds: 0x575d8ba91670, nfds: 9, timeout_msecs: 2455)              = 1
 12546.788 ( 0.014 ms): writev(fd: 11, vec: 0x7ffda8ce5ba0, vlen: 1)                          = 1
 12546.893 ( 0.197 ms): poll(ufds: 0x575d8ba91670, nfds: 9, timeout_msecs: 2455)              = 1
 12547.176 ( 0.006 ms): ioctl(fd: 11</dev/ptmx>, cmd: FIONREAD, arg: 0x7ffda8ce6388)          = 0
 12547.258 ( 0.007 ms): readv(fd: 11, vec: 0x7ffda8ce6390, vlen: 1)                           = 1
 12547.376 ( 0.010 ms): poll(ufds: 0x575d8ba91670, nfds: 9, timeout_msecs: 10)                = 2
 12547.504 ( 0.009 ms): writev(fd: 7, vec: 0x7ffda8ce5b80, vlen: 1)                           = 1
 12547.591 ( 0.009 ms): writev(fd: 10, vec: 0x7ffda8ce5b80, vlen: 1)                          = 1
 12547.706 (10.082 ms): poll(ufds: 0x575d8ba91670, nfds: 9, timeout_msecs: 10)                = 0 (Timeout)
 12557.888 (475.698 ms): poll(ufds: 0x575d8ba91670, nfds: 9, timeout_msecs: 475)               = 0 (Timeout)
 13034.549 ( 0.018 ms): ioctl(fd: 11</dev/ptmx>, cmd: TIOCGPGRP, arg: 0x7ffda8ce1a84)         = 0
 13035.176 ( 0.041 ms): openat(dfd: CWD, filename: 0x8bb29440)                                = 13
 13035.748 ( 0.019 ms): newfstatat(dfd: 13</proc/1551344/cmdline>, filename: 0x2f1d844f, statbuf: 0x7ffda8ce1950, flag: 4096) = 0
 13036.132 ( 0.061 ms): read(fd: 13</proc/1551344/cmdline>, buf: 0x575d8bc61460, count: 1024) = 9
 13036.304 ( 0.011 ms): close(fd: 13</proc/1551344/cmdline>)                                  = 0
 13036.440 (1554.101 ms): poll(ufds: 0x575d8ba91670, nfds: 9, timeout_msecs: 1965)              = 1
 14591.295 ( 0.019 ms): ioctl(fd: 7</dev/pts/0>, cmd: FIONREAD, arg: 0x7ffda8ce6388)          = 0
 14591.674 ( 0.051 ms): readv(fd: 7, vec: 0x7ffda8ce6390, vlen: 1)                            = 1
 14592.335 ( 0.037 ms): poll(ufds: 0x575d8ba91670, nfds: 9, timeout_msecs: 409)               = 1
 14592.519 ( 0.019 ms): writev(fd: 11, vec: 0x7ffda8ce5ba0, vlen: 1)                          = 1
 14592.666 ( 0.240 ms): poll(ufds: 0x575d8ba91670, nfds: 9, timeout_msecs: 409)               = 1
 14593.028 ( 0.006 ms): ioctl(fd: 11</dev/ptmx>, cmd: FIONREAD, arg: 0x7ffda8ce6388)          = 0
 14593.131 ( 0.009 ms): readv(fd: 11, vec: 0x7ffda8ce6390, vlen: 1)                           = 67
 14593.367 ( 0.007 ms): ioctl(fd: 11</dev/ptmx>, cmd: TIOCGPGRP, arg: 0x7ffda8ce1a84)         = 0
 14593.489 ( 0.031 ms): openat(dfd: CWD, filename: 0x8bb49490)                                = 13
 14593.625 ( 0.008 ms): newfstatat(dfd: 13</proc/1551344/cmdline>, filename: 0x2f1d844f, statbuf: 0x7ffda8ce1950, flag: 4096) = 0
 14593.740 ( 0.019 ms): read(fd: 13</proc/1551344/cmdline>, buf: 0x575d8bc61460, count: 1024) = 9
 14593.860 ( 0.009 ms): close(fd: 13</proc/1551344/cmdline>)                                  = 0
 14594.013 ( 0.011 ms): poll(ufds: 0x575d8ba91670, nfds: 9, timeout_msecs: 9)                 = 2
 14594.142 ( 0.010 ms): writev(fd: 7, vec: 0x7ffda8ce5b80, vlen: 1)                           = 58
 14594.263 ( 0.026 ms): writev(fd: 10, vec: 0x7ffda8ce5b80, vlen: 1)                          = 68
 14594.406 ( 8.074 ms): poll(ufds: 0x575d8ba91670, nfds: 9, timeout_msecs: 8)                 = 0 (Timeout)
 14602.604 (143.481 ms): poll(ufds: 0x575d8ba91670, nfds: 9, timeout_msecs: 399)               = 1
 14746.568 ( 0.017 ms): ioctl(fd: 7</dev/pts/0>, cmd: FIONREAD, arg: 0x7ffda8ce6388)          = 0
 14746.711 ( 0.017 ms): readv(fd: 7, vec: 0x7ffda8ce6390, vlen: 1)                            = 1
 14747.053 ( 0.027 ms): poll(ufds: 0x575d8ba91670, nfds: 9, timeout_msecs: 255)               = 1
 14747.207 ( 0.017 ms): writev(fd: 11, vec: 0x7ffda8ce5ba0, vlen: 1)                          = 1
 14747.344 ( 0.249 ms): poll(ufds: 0x575d8ba91670, nfds: 9, timeout_msecs: 254)               = 1
 14747.686 ( 0.005 ms): ioctl(fd: 11</dev/ptmx>, cmd: FIONREAD, arg: 0x7ffda8ce6388)          = 0
 14747.786 ( 0.008 ms): readv(fd: 11, vec: 0x7ffda8ce6390, vlen: 1)                           = 66
 14748.010 ( 0.010 ms): poll(ufds: 0x575d8ba91670, nfds: 9, timeout_msecs: 10)                = 2
 14748.148 ( 0.011 ms): writev(fd: 10, vec: 0x7ffda8ce5b80, vlen: 1)                          = 67
 14748.262 ( 0.009 ms): writev(fd: 7, vec: 0x7ffda8ce5b80, vlen: 1)                           = 57
 14748.382 ( 9.080 ms): poll(ufds: 0x575d8ba91670, nfds: 9, timeout_msecs: 9)                 = 0 (Timeout)
 14757.744 (172.960 ms): poll(ufds: 0x575d8ba91670, nfds: 9, timeout_msecs: 244)               = 1
 14931.277 ( 0.020 ms): ioctl(fd: 7</dev/pts/0>, cmd: FIONREAD, arg: 0x7ffda8ce6388)          = 0
 14931.561 ( 0.023 ms): readv(fd: 7, vec: 0x7ffda8ce6390, vlen: 1)                            = 1
 14932.035 ( 0.039 ms): poll(ufds: 0x575d8ba91670, nfds: 9, timeout_msecs: 70)                = 1
 14932.352 ( 0.020 ms): writev(fd: 11, vec: 0x7ffda8ce5ba0, vlen: 1)                          = 1
 14932.689 ( 0.092 ms): poll(ufds: 0x575d8ba91670, nfds: 9, timeout_msecs: 69)                = 1
 14933.071 ( 0.007 ms): ioctl(fd: 11</dev/ptmx>, cmd: FIONREAD, arg: 0x7ffda8ce6388)          = 0
 14933.232 ( 0.010 ms): readv(fd: 11, vec: 0x7ffda8ce6390, vlen: 1)                           = 65
 14933.440 ( 0.010 ms): poll(ufds: 0x575d8ba91670, nfds: 9, timeout_msecs: 9)                 = 2
 14933.542 ( 0.011 ms): writev(fd: 7, vec: 0x7ffda8ce5b80, vlen: 1)                           = 56
 14933.637 ( 0.026 ms): writev(fd: 10, vec: 0x7ffda8ce5b80, vlen: 1)                          = 66
 14933.750 ( 9.082 ms): poll(ufds: 0x575d8ba91670, nfds: 9, timeout_msecs: 9)                 = 0 (Timeout)
 14942.956 (58.282 ms): poll(ufds: 0x575d8ba91670, nfds: 9, timeout_msecs: 58)                = 0 (Timeout)
 15002.733 (91.327 ms): poll(ufds: 0x575d8ba91670, nfds: 9, timeout_msecs: 91)                = 0 (Timeout)
 15094.668 ( 0.018 ms): ioctl(fd: 11</dev/ptmx>, cmd: TIOCGPGRP, arg: 0x7ffda8ce1a84)         = 0
 15095.323 ( 0.042 ms): openat(dfd: CWD, filename: 0x8be1b0d0)                                = 13
 15095.903 ( 0.018 ms): newfstatat(dfd: 13</proc/1551344/cmdline>, filename: 0x2f1d844f, statbuf: 0x7ffda8ce1950, flag: 4096) = 0
 15096.211 ( 0.026 ms): read(fd: 13</proc/1551344/cmdline>, buf: 0x575d8be0ef20, count: 1024) = 9
 15096.329 ( 0.010 ms): close(fd: 13</proc/1551344/cmdline>)                                  = 0
 15096.465 (387.065 ms): poll(ufds: 0x575d8ba91670, nfds: 9, timeout_msecs: 14906)             = 1
 15484.374 ( 0.020 ms): ioctl(fd: 7</dev/pts/0>, cmd: FIONREAD, arg: 0x7ffda8ce6388)          = 0
 15484.964 ( 0.058 ms): readv(fd: 7, vec: 0x7ffda8ce6390, vlen: 1)                            = 1
 15485.689 ( 0.040 ms): poll(ufds: 0x575d8ba91670, nfds: 9, timeout_msecs: 14517)             = 1
 15486.127 ( 0.028 ms): writev(fd: 11, vec: 0x7ffda8ce5ba0, vlen: 1)                          = 1
 15486.277 ( 0.257 ms): poll(ufds: 0x575d8ba91670, nfds: 9, timeout_msecs: 14516)             = 1
 15486.619 ( 0.006 ms): ioctl(fd: 11</dev/ptmx>, cmd: FIONREAD, arg: 0x7ffda8ce6388)          = 0
 15486.702 ( 0.010 ms): readv(fd: 11, vec: 0x7ffda8ce6390, vlen: 1)                           = 1
 15486.828 ( 0.010 ms): poll(ufds: 0x575d8ba91670, nfds: 9, timeout_msecs: 10)                = 2
 15486.925 ( 0.010 ms): writev(fd: 7, vec: 0x7ffda8ce5b80, vlen: 1)                           = 1
 15487.029 ( 0.010 ms): writev(fd: 10, vec: 0x7ffda8ce5b80, vlen: 1)                          = 1
 15487.126 ( 9.080 ms): poll(ufds: 0x575d8ba91670, nfds: 9, timeout_msecs: 9)                 = 0 (Timeout)
 15496.307 (98.292 ms): poll(ufds: 0x575d8ba91670, nfds: 9, timeout_msecs: 98)                = 0 (Timeout)
 15595.364 ( 0.019 ms): ioctl(fd: 11</dev/ptmx>, cmd: TIOCGPGRP, arg: 0x7ffda8ce1a84)         = 0
 15595.972 ( 0.070 ms): openat(dfd: CWD, filename: 0x8bc548e0)                                = 13
 15596.603 ( 0.018 ms): newfstatat(dfd: 13</proc/1551344/cmdline>, filename: 0x2f1d844f, statbuf: 0x7ffda8ce1950, flag: 4096) = 0
 15596.902 ( 0.027 ms): read(fd: 13</proc/1551344/cmdline>, buf: 0x575d8bb54470, count: 1024) = 9
 15597.049 ( 0.013 ms): close(fd: 13</proc/1551344/cmdline>)                                  = 0
 15597.186 (31.918 ms): poll(ufds: 0x575d8ba91670, nfds: 9, timeout_msecs: 14405)             = 1
 15629.753 ( 0.019 ms): ioctl(fd: 7</dev/pts/0>, cmd: FIONREAD, arg: 0x7ffda8ce6388)          = 0
 15630.340 ( 0.025 ms): readv(fd: 7, vec: 0x7ffda8ce6390, vlen: 1)                            = 1
 15631.050 ( 0.036 ms): poll(ufds: 0x575d8ba91670, nfds: 9, timeout_msecs: 14372)             = 1
 15631.389 ( 0.020 ms): writev(fd: 11, vec: 0x7ffda8ce5ba0, vlen: 1)                          = 1
 15631.526 ( 0.240 ms): poll(ufds: 0x575d8ba91670, nfds: 9, timeout_msecs: 14371)             = 1
 15631.852 ( 0.007 ms): ioctl(fd: 11</dev/ptmx>, cmd: FIONREAD, arg: 0x7ffda8ce6388)          = 0
 15631.934 ( 0.009 ms): readv(fd: 11, vec: 0x7ffda8ce6390, vlen: 1)                           = 1
 15632.080 ( 0.010 ms): poll(ufds: 0x575d8ba91670, nfds: 9, timeout_msecs: 9)                 = 2
 15632.179 ( 0.010 ms): writev(fd: 7, vec: 0x7ffda8ce5b80, vlen: 1)                           = 1
 15632.267 ( 0.025 ms): writev(fd: 10, vec: 0x7ffda8ce5b80, vlen: 1)                          = 1
 15632.379 ( 9.080 ms): poll(ufds: 0x575d8ba91670, nfds: 9, timeout_msecs: 9)                 = 0 (Timeout)
 15641.562 (107.048 ms): poll(ufds: 0x575d8ba91670, nfds: 9, timeout_msecs: 454)               = 1
 15749.266 ( 0.020 ms): ioctl(fd: 7</dev/pts/0>, cmd: FIONREAD, arg: 0x7ffda8ce6388)          = 0
 15749.854 ( 0.025 ms): readv(fd: 7, vec: 0x7ffda8ce6390, vlen: 1)                            = 1
 15750.577 ( 0.060 ms): poll(ufds: 0x575d8ba91670, nfds: 9, timeout_msecs: 345)               = 1
 15750.910 ( 0.020 ms): writev(fd: 11, vec: 0x7ffda8ce5ba0, vlen: 1)                          = 1
 15751.092 ( 0.201 ms): poll(ufds: 0x575d8ba91670, nfds: 9, timeout_msecs: 344)               = 1
 15751.379 ( 0.007 ms): ioctl(fd: 11</dev/ptmx>, cmd: FIONREAD, arg: 0x7ffda8ce6388)          = 0
 15751.461 ( 0.020 ms): readv(fd: 11, vec: 0x7ffda8ce6390, vlen: 1)                           = 1
 15751.596 ( 0.010 ms): poll(ufds: 0x575d8ba91670, nfds: 9, timeout_msecs: 10)                = 2
 15751.693 ( 0.010 ms): writev(fd: 7, vec: 0x7ffda8ce5b80, vlen: 1)                           = 1
 15751.781 ( 0.008 ms): writev(fd: 10, vec: 0x7ffda8ce5b80, vlen: 1)                          = 1
 15751.874 (10.079 ms): poll(ufds: 0x575d8ba91670, nfds: 9, timeout_msecs: 10)                = 0 (Timeout)
 15762.070 (101.162 ms): poll(ufds: 0x575d8ba91670, nfds: 9, timeout_msecs: 333)               = 1
 15863.884 ( 0.019 ms): ioctl(fd: 7</dev/pts/0>, cmd: FIONREAD, arg: 0x7ffda8ce6388)          = 0
 15864.514 ( 0.026 ms): readv(fd: 7, vec: 0x7ffda8ce6390, vlen: 1)                            = 1
 15865.250 ( 0.038 ms): poll(ufds: 0x575d8ba91670, nfds: 9, timeout_msecs: 231)               = 1
 15865.564 ( 0.042 ms): writev(fd: 11, vec: 0x7ffda8ce5ba0, vlen: 1)                          = 1
 15865.727 ( 0.220 ms): poll(ufds: 0x575d8ba91670, nfds: 9, timeout_msecs: 230)               = 1
 15866.079 ( 0.008 ms): ioctl(fd: 11</dev/ptmx>, cmd: FIONREAD, arg: 0x7ffda8ce6388)          = 0
 15866.164 ( 0.009 ms): readv(fd: 11, vec: 0x7ffda8ce6390, vlen: 1)                           = 1
 15866.303 ( 0.010 ms): poll(ufds: 0x575d8ba91670, nfds: 9, timeout_msecs: 9)                 = 2
 15866.402 ( 0.010 ms): writev(fd: 7, vec: 0x7ffda8ce5b80, vlen: 1)                           = 1
 15866.498 ( 0.010 ms): writev(fd: 10, vec: 0x7ffda8ce5b80, vlen: 1)                          = 1
 15866.591 ( 9.082 ms): poll(ufds: 0x575d8ba91670, nfds: 9, timeout_msecs: 9)                 = 0 (Timeout)
 15875.773 (220.478 ms): poll(ufds: 0x575d8ba91670, nfds: 9, timeout_msecs: 220)               = 0 (Timeout)
 16096.922 ( 0.018 ms): ioctl(fd: 11</dev/ptmx>, cmd: TIOCGPGRP, arg: 0x7ffda8ce1a84)         = 0
 16097.672 ( 0.053 ms): openat(dfd: CWD, filename: 0x8bbcf790)                                = 13
 16098.248 ( 0.016 ms): newfstatat(dfd: 13</proc/1551344/cmdline>, filename: 0x2f1d844f, statbuf: 0x7ffda8ce1950, flag: 4096) = 0
 16098.713 ( 0.056 ms): read(fd: 13</proc/1551344/cmdline>, buf: 0x575d8be0ef20, count: 1024) = 9
 16099.158 ( 0.017 ms): close(fd: 13</proc/1551344/cmdline>)                                  = 0
 16099.376 (369.448 ms): poll(ufds: 0x575d8ba91670, nfds: 9, timeout_msecs: 13903)             = 1
 16469.777 ( 0.024 ms): ioctl(fd: 7</dev/pts/0>, cmd: FIONREAD, arg: 0x7ffda8ce6388)          = 0
 16470.326 ( 0.023 ms): readv(fd: 7, vec: 0x7ffda8ce6390, vlen: 1)                            = 1
 16470.980 ( 0.080 ms): poll(ufds: 0x575d8ba91670, nfds: 9, timeout_msecs: 13532)             = 1
 16471.262 ( 0.021 ms): writev(fd: 11, vec: 0x7ffda8ce5ba0, vlen: 1)                          = 1
 16471.677 ( 0.024 ms): poll(ufds: 0x575d8ba91670, nfds: 9, timeout_msecs: 13531)             = 1
 16471.946 ( 0.010 ms): ioctl(fd: 11</dev/ptmx>, cmd: FIONREAD, arg: 0x7ffda8ce6388)          = 0
 16472.245 ( 0.013 ms): readv(fd: 11, vec: 0x7ffda8ce6390, vlen: 1)                           = 68
 16472.647 ( 0.017 ms): poll(ufds: 0x575d8ba91670, nfds: 9, timeout_msecs: 9)                 = 2
 16472.819 (         ): writev(fd: 10, vec: 0x7ffda8ce5b80, vlen: 1)                       ...
 16472.992 ( 0.013 ms): writev(fd: 7, vec: 0x7ffda8ce5b80, vlen: 1)                           = 59
 16473.251 ( 8.093 ms): poll(ufds: 0x575d8ba91670, nfds: 9, timeout_msecs: 8)                 = 0 (Timeout)
 16481.511 ( 1.085 ms): poll(ufds: 0x575d8ba91670, nfds: 9, timeout_msecs: 1)                 = 0 (Timeout)
 16482.757 (115.344 ms): poll(ufds: 0x575d8ba91670, nfds: 9, timeout_msecs: 115)               = 0 (Timeout)
 16598.815 ( 0.017 ms): ioctl(fd: 11</dev/ptmx>, cmd: TIOCGPGRP, arg: 0x7ffda8ce1a84)         = 0
 16599.382 ( 0.047 ms): openat(dfd: CWD, filename: 0x8be1b0d0)                                = 13
 16599.891 ( 0.016 ms): newfstatat(dfd: 13</proc/1551344/cmdline>, filename: 0x2f1d844f, statbuf: 0x7ffda8ce1950, flag: 4096) = 0
 16600.491 ( 0.034 ms): read(fd: 13</proc/1551344/cmdline>, buf: 0x575d8bc61460, count: 1024) = 9
 16600.773 ( 0.015 ms): close(fd: 13</proc/1551344/cmdline>)                                  = 0
 16601.170 (21.381 ms): poll(ufds: 0x575d8ba91670, nfds: 9, timeout_msecs: 13402)             = 1
 16623.153 ( 0.047 ms): ioctl(fd: 7</dev/pts/0>, cmd: FIONREAD, arg: 0x7ffda8ce6388)          = 0
 16623.534 ( 0.022 ms): readv(fd: 7, vec: 0x7ffda8ce6390, vlen: 1)                            = 1
 16623.949 ( 0.037 ms): poll(ufds: 0x575d8ba91670, nfds: 9, timeout_msecs: 13379)             = 1
 16624.197 ( 0.020 ms): writev(fd: 11, vec: 0x7ffda8ce5ba0, vlen: 1)                          = 1
 16624.374 ( 0.151 ms): poll(ufds: 0x575d8ba91670, nfds: 9, timeout_msecs: 13378)             = 1
 16624.650 ( 0.010 ms): ioctl(fd: 11</dev/ptmx>, cmd: FIONREAD, arg: 0x7ffda8ce6388)          = 0
 16624.788 ( 0.013 ms): readv(fd: 11, vec: 0x7ffda8ce6390, vlen: 1)                           = 67
 16625.094 ( 0.017 ms): poll(ufds: 0x575d8ba91670, nfds: 9, timeout_msecs: 10)                = 2
 16625.252 ( 0.016 ms): writev(fd: 10, vec: 0x7ffda8ce5b80, vlen: 1)                          = 68
 16625.397 ( 0.011 ms): writev(fd: 7, vec: 0x7ffda8ce5b80, vlen: 1)                           = 58
 16625.627 ( 9.096 ms): poll(ufds: 0x575d8ba91670, nfds: 9, timeout_msecs: 9)                 = 0 (Timeout)
 16635.038 (103.250 ms): poll(ufds: 0x575d8ba91670, nfds: 9, timeout_msecs: 463)               = 1
 16738.908 ( 0.016 ms): ioctl(fd: 7</dev/pts/0>, cmd: FIONREAD, arg: 0x7ffda8ce6388)          = 0
 16739.456 ( 0.022 ms): readv(fd: 7, vec: 0x7ffda8ce6390, vlen: 1)                            = 1
 16740.084 ( 0.037 ms): poll(ufds: 0x575d8ba91670, nfds: 9, timeout_msecs: 359)               = 1
 16740.356 ( 0.020 ms): writev(fd: 11, vec: 0x7ffda8ce5ba0, vlen: 1)                          = 1
 16740.752 ( 0.022 ms): poll(ufds: 0x575d8ba91670, nfds: 9, timeout_msecs: 358)               = 1
 16741.055 ( 0.010 ms): ioctl(fd: 11</dev/ptmx>, cmd: FIONREAD, arg: 0x7ffda8ce6388)          = 0
 16741.343 ( 0.013 ms): readv(fd: 11, vec: 0x7ffda8ce6390, vlen: 1)                           = 1
 16741.655 ( 0.017 ms): poll(ufds: 0x575d8ba91670, nfds: 9, timeout_msecs: 9)                 = 2
 16741.827 ( 0.016 ms): writev(fd: 10, vec: 0x7ffda8ce5b80, vlen: 1)                          = 1
 16741.995 ( 0.013 ms): writev(fd: 7, vec: 0x7ffda8ce5b80, vlen: 1)                           = 1
 16742.349 ( 8.099 ms): poll(ufds: 0x575d8ba91670, nfds: 9, timeout_msecs: 8)                 = 0 (Timeout)
 16750.657 (160.189 ms): poll(ufds: 0x575d8ba91670, nfds: 9, timeout_msecs: 348)               = 1
 16911.727 ( 0.021 ms): ioctl(fd: 7</dev/pts/0>, cmd: FIONREAD, arg: 0x7ffda8ce6388)          = 0
 16912.239 ( 0.022 ms): readv(fd: 7, vec: 0x7ffda8ce6390, vlen: 1)                            = 1
 16912.732 ( 0.042 ms): poll(ufds: 0x575d8ba91670, nfds: 9, timeout_msecs: 186)               = 1
 16913.064 ( 0.018 ms): writev(fd: 11, vec: 0x7ffda8ce5ba0, vlen: 1)                          = 1
 16913.251 ( 0.130 ms): poll(ufds: 0x575d8ba91670, nfds: 9, timeout_msecs: 185)               = 1
 16913.522 ( 0.009 ms): ioctl(fd: 11</dev/ptmx>, cmd: FIONREAD, arg: 0x7ffda8ce6388)          = 0
 16913.652 ( 0.010 ms): readv(fd: 11, vec: 0x7ffda8ce6390, vlen: 1)                           = 1
 16913.840 ( 0.016 ms): poll(ufds: 0x575d8ba91670, nfds: 9, timeout_msecs: 10)                = 2
 16914.016 ( 0.040 ms): writev(fd: 7, vec: 0x7ffda8ce5b80, vlen: 1)                           = 1
 16914.210 ( 0.012 ms): writev(fd: 10, vec: 0x7ffda8ce5b80, vlen: 1)                          = 1
 16914.362 ( 9.093 ms): poll(ufds: 0x575d8ba91670, nfds: 9, timeout_msecs: 9)                 = 0 (Timeout)
 16923.620 (175.477 ms): poll(ufds: 0x575d8ba91670, nfds: 9, timeout_msecs: 175)               = 0 (Timeout)
 17099.953 ( 0.025 ms): ioctl(fd: 11</dev/ptmx>, cmd: TIOCGPGRP, arg: 0x7ffda8ce1a84)         = 0
 17100.582 ( 0.040 ms): openat(dfd: CWD, filename: 0x8bcc7090)                                = 13
 17101.075 ( 0.051 ms): newfstatat(dfd: 13</proc/1551344/cmdline>, filename: 0x2f1d844f, statbuf: 0x7ffda8ce1950, flag: 4096) = 0
 17101.253 ( 0.029 ms): read(fd: 13</proc/1551344/cmdline>, buf: 0x575d8bb54470, count: 1024) = 9
 17101.366 ( 0.012 ms): close(fd: 13</proc/1551344/cmdline>)                                  = 0
 17101.526 (639.035 ms): poll(ufds: 0x575d8ba91670, nfds: 9, timeout_msecs: 12901)             = 1
 17741.344 ( 0.018 ms): ioctl(fd: 7</dev/pts/0>, cmd: FIONREAD, arg: 0x7ffda8ce6388)          = 0
 17741.947 ( 0.024 ms): readv(fd: 7, vec: 0x7ffda8ce6390, vlen: 1)                            = 1
 17742.651 ( 0.038 ms): poll(ufds: 0x575d8ba91670, nfds: 9, timeout_msecs: 12260)             = 1
 17742.955 ( 0.018 ms): writev(fd: 11, vec: 0x7ffda8ce5ba0, vlen: 1)                          = 1
 17743.225 ( 0.046 ms): poll(ufds: 0x575d8ba91670, nfds: 9, timeout_msecs: 12260)             = 1
 17743.513 ( 0.019 ms): ioctl(fd: 11</dev/ptmx>, cmd: FIONREAD, arg: 0x7ffda8ce6388)          = 0
 17743.665 ( 0.017 ms): readv(fd: 11, vec: 0x7ffda8ce6390, vlen: 1)                           = 1
 17743.848 ( 0.007 ms): ioctl(fd: 11</dev/ptmx>, cmd: TIOCGPGRP, arg: 0x7ffda8ce1a84)         = 0
 17743.947 ( 0.058 ms): openat(dfd: CWD, filename: 0x8bb49490)                                = 13
 17744.283 ( 0.014 ms): newfstatat(dfd: 13</proc/1551344/cmdline>, filename: 0x2f1d844f, statbuf: 0x7ffda8ce1950, flag: 4096) = 0
 17744.579 ( 0.020 ms): read(fd: 13</proc/1551344/cmdline>, buf: 0x575d8bb54470, count: 1024) = 9
 17744.808 ( 0.011 ms): close(fd: 13</proc/1551344/cmdline>)                                  = 0
 17745.092 (         ): poll(ufds: 0x575d8ba91670, nfds: 9, timeout_msecs: 9)              ...
 17745.344 ( 0.015 ms): writev(fd: 10, vec: 0x7ffda8ce5b80, vlen: 1)                          = 1
 17745.549 ( 0.009 ms): writev(fd: 7, vec: 0x7ffda8ce5b80, vlen: 1)                           = 1
 17745.720 ( 8.083 ms): poll(ufds: 0x575d8ba91670, nfds: 9, timeout_msecs: 8)                 = 0 (Timeout)
 17754.132 (49.361 ms): poll(ufds: 0x575d8ba91670, nfds: 9, timeout_msecs: 12248)             = 1
 17804.137 ( 0.018 ms): ioctl(fd: 7</dev/pts/0>, cmd: FIONREAD, arg: 0x7ffda8ce6388)          = 0
 17804.623 ( 0.046 ms): readv(fd: 7, vec: 0x7ffda8ce6390, vlen: 1)                            = 1
 17805.257 ( 0.039 ms): poll(ufds: 0x575d8ba91670, nfds: 9, timeout_msecs: 12198)             = 1
 17805.432 ( 0.017 ms): writev(fd: 11, vec: 0x7ffda8ce5ba0, vlen: 1)                          = 1
 17805.888 ( 0.015 ms): poll(ufds: 0x575d8ba91670, nfds: 9, timeout_msecs: 12197)             = 1
 17806.108 ( 0.010 ms): ioctl(fd: 11</dev/ptmx>, cmd: FIONREAD, arg: 0x7ffda8ce6388)          = 0
 17806.254 ( 0.010 ms): readv(fd: 11, vec: 0x7ffda8ce6390, vlen: 1)                           = 1
 17806.574 ( 0.010 ms): poll(ufds: 0x575d8ba91670, nfds: 9, timeout_msecs: 9)                 = 2
 17806.683 ( 0.010 ms): writev(fd: 7, vec: 0x7ffda8ce5b80, vlen: 1)                           = 1
 17806.772 ( 0.009 ms): writev(fd: 10, vec: 0x7ffda8ce5b80, vlen: 1)                          = 1
 17806.899 ( 9.082 ms): poll(ufds: 0x575d8ba91670, nfds: 9, timeout_msecs: 9)                 = 0 (Timeout)
 17816.117 (129.572 ms): poll(ufds: 0x575d8ba91670, nfds: 9, timeout_msecs: 428)               = 1
 17946.425 ( 0.018 ms): ioctl(fd: 7</dev/pts/0>, cmd: FIONREAD, arg: 0x7ffda8ce6388)          = 0
 17946.904 ( 0.024 ms): readv(fd: 7, vec: 0x7ffda8ce6390, vlen: 1)                            = 1
 17947.353 ( 0.037 ms): poll(ufds: 0x575d8ba91670, nfds: 9, timeout_msecs: 297)               = 1
 17947.516 ( 0.048 ms): writev(fd: 11, vec: 0x7ffda8ce5ba0, vlen: 1)                          = 1
 17947.675 ( 0.214 ms): poll(ufds: 0x575d8ba91670, nfds: 9, timeout_msecs: 297)               = 1
 17947.972 ( 0.006 ms): ioctl(fd: 11</dev/ptmx>, cmd: FIONREAD, arg: 0x7ffda8ce6388)          = 0
 17948.088 ( 0.008 ms): readv(fd: 11, vec: 0x7ffda8ce6390, vlen: 1)                           = 1
 17948.227 ( 0.009 ms): poll(ufds: 0x575d8ba91670, nfds: 9, timeout_msecs: 9)                 = 2
 17948.326 ( 0.009 ms): writev(fd: 7, vec: 0x7ffda8ce5b80, vlen: 1)                           = 1
 17948.418 ( 0.009 ms): writev(fd: 10, vec: 0x7ffda8ce5b80, vlen: 1)                          = 1
 17948.517 ( 9.082 ms): poll(ufds: 0x575d8ba91670, nfds: 9, timeout_msecs: 9)                 = 0 (Timeout)
 17957.702 (99.137 ms): poll(ufds: 0x575d8ba91670, nfds: 9, timeout_msecs: 287)               = 1
 18057.914 ( 0.018 ms): ioctl(fd: 7</dev/pts/0>, cmd: FIONREAD, arg: 0x7ffda8ce6388)          = 0
 18058.530 ( 0.024 ms): readv(fd: 7, vec: 0x7ffda8ce6390, vlen: 1)                            = 1
 18058.967 ( 0.058 ms): poll(ufds: 0x575d8ba91670, nfds: 9, timeout_msecs: 186)               = 1
 18059.171 ( 0.017 ms): writev(fd: 11, vec: 0x7ffda8ce5ba0, vlen: 1)                          = 1
 18059.301 ( 0.187 ms): poll(ufds: 0x575d8ba91670, nfds: 9, timeout_msecs: 185)               = 1
 18059.575 ( 0.006 ms): ioctl(fd: 11</dev/ptmx>, cmd: FIONREAD, arg: 0x7ffda8ce6388)          = 0
 18059.661 ( 0.009 ms): readv(fd: 11, vec: 0x7ffda8ce6390, vlen: 1)                           = 1
 18059.784 ( 0.010 ms): poll(ufds: 0x575d8ba91670, nfds: 9, timeout_msecs: 10)                = 2
 18059.885 ( 0.009 ms): writev(fd: 7, vec: 0x7ffda8ce5b80, vlen: 1)                           = 1
 18059.976 ( 0.009 ms): writev(fd: 10, vec: 0x7ffda8ce5b80, vlen: 1)                          = 1
 18060.112 (10.081 ms): poll(ufds: 0x575d8ba91670, nfds: 9, timeout_msecs: 10)                = 0 (Timeout)
 18070.296 (174.397 ms): poll(ufds: 0x575d8ba91670, nfds: 9, timeout_msecs: 174)               = 0 (Timeout)
 18245.424 ( 0.020 ms): ioctl(fd: 11</dev/ptmx>, cmd: TIOCGPGRP, arg: 0x7ffda8ce1a84)         = 0
 18245.924 ( 0.041 ms): openat(dfd: CWD, filename: 0x8bd26c80)                                = 13
 18246.217 ( 0.019 ms): newfstatat(dfd: 13</proc/1551344/cmdline>, filename: 0x2f1d844f, statbuf: 0x7ffda8ce1950, flag: 4096) = 0
 18246.530 ( 0.025 ms): read(fd: 13</proc/1551344/cmdline>, buf: 0x575d8bb54470, count: 1024) = 9
 18246.816 ( 0.011 ms): close(fd: 13</proc/1551344/cmdline>)                                  = 0
 18247.146 ( 6.759 ms): poll(ufds: 0x575d8ba91670, nfds: 9, timeout_msecs: 11756)             = 1
 18254.027 ( 0.008 ms): ioctl(fd: 7</dev/pts/0>, cmd: FIONREAD, arg: 0x7ffda8ce6388)          = 0
 18254.131 ( 0.011 ms): readv(fd: 7, vec: 0x7ffda8ce6390, vlen: 1)                            = 1
 18254.301 ( 0.014 ms): poll(ufds: 0x575d8ba91670, nfds: 9, timeout_msecs: 11748)             = 1
 18254.403 ( 0.013 ms): writev(fd: 11, vec: 0x7ffda8ce5ba0, vlen: 1)                          = 1
 18254.502 ( 0.104 ms): poll(ufds: 0x575d8ba91670, nfds: 9, timeout_msecs: 11748)             = 1
 18254.685 ( 0.006 ms): ioctl(fd: 11</dev/ptmx>, cmd: FIONREAD, arg: 0x7ffda8ce6388)          = 0
 18254.764 ( 0.007 ms): readv(fd: 11, vec: 0x7ffda8ce6390, vlen: 1)                           = 1
 18254.878 ( 0.010 ms): poll(ufds: 0x575d8ba91670, nfds: 9, timeout_msecs: 10)                = 2
 18254.974 ( 0.009 ms): writev(fd: 7, vec: 0x7ffda8ce5b80, vlen: 1)                           = 1
 18255.081 ( 0.014 ms): writev(fd: 10, vec: 0x7ffda8ce5b80, vlen: 1)                          = 1
 18255.178 ( 9.077 ms): poll(ufds: 0x575d8ba91670, nfds: 9, timeout_msecs: 9)                 = 0 (Timeout)
 18264.363 (110.038 ms): poll(ufds: 0x575d8ba91670, nfds: 9, timeout_msecs: 481)               = 1
 18375.090 ( 0.017 ms): ioctl(fd: 7</dev/pts/0>, cmd: FIONREAD, arg: 0x7ffda8ce6388)          = 0
 18375.662 ( 0.024 ms): readv(fd: 7, vec: 0x7ffda8ce6390, vlen: 1)                            = 1
 18376.263 ( 0.038 ms): poll(ufds: 0x575d8ba91670, nfds: 9, timeout_msecs: 370)               = 1
 18376.426 ( 0.018 ms): writev(fd: 11, vec: 0x7ffda8ce5ba0, vlen: 1)                          = 1
 18376.551 ( 0.088 ms): poll(ufds: 0x575d8ba91670, nfds: 9, timeout_msecs: 369)               = 1
 18376.720 ( 0.008 ms): ioctl(fd: 11</dev/ptmx>, cmd: FIONREAD, arg: 0x7ffda8ce6388)          = 0
 18376.804 ( 0.009 ms): readv(fd: 11, vec: 0x7ffda8ce6390, vlen: 1)                           = 1
 18376.971 ( 0.010 ms): poll(ufds: 0x575d8ba91670, nfds: 9, timeout_msecs: 10)                = 2
 18377.085 ( 0.013 ms): writev(fd: 7, vec: 0x7ffda8ce5b80, vlen: 1)                           = 1
 18377.182 ( 0.010 ms): writev(fd: 10, vec: 0x7ffda8ce5b80, vlen: 1)                          = 1
 18377.277 ( 9.082 ms): poll(ufds: 0x575d8ba91670, nfds: 9, timeout_msecs: 9)                 = 0 (Timeout)
 18386.461 (277.381 ms): poll(ufds: 0x575d8ba91670, nfds: 9, timeout_msecs: 359)               = 1
 18664.638 ( 0.020 ms): ioctl(fd: 7</dev/pts/0>, cmd: FIONREAD, arg: 0x7ffda8ce6388)          = 0
 18665.115 ( 0.024 ms): readv(fd: 7, vec: 0x7ffda8ce6390, vlen: 1)                            = 1
 18665.465 ( 0.036 ms): poll(ufds: 0x575d8ba91670, nfds: 9, timeout_msecs: 80)                = 1
 18665.599 ( 0.020 ms): writev(fd: 11, vec: 0x7ffda8ce5ba0, vlen: 1)                          = 1
 18665.712 ( 0.117 ms): poll(ufds: 0x575d8ba91670, nfds: 9, timeout_msecs: 80)                = 1
 18665.909 ( 0.007 ms): ioctl(fd: 11</dev/ptmx>, cmd: FIONREAD, arg: 0x7ffda8ce6388)          = 0
 18665.989 ( 0.007 ms): readv(fd: 11, vec: 0x7ffda8ce6390, vlen: 1)                           = 1
 18666.145 ( 0.010 ms): poll(ufds: 0x575d8ba91670, nfds: 9, timeout_msecs: 9)                 = 2
 18666.242 ( 0.010 ms): writev(fd: 7, vec: 0x7ffda8ce5b80, vlen: 1)                           = 1
 18666.330 ( 0.009 ms): writev(fd: 10, vec: 0x7ffda8ce5b80, vlen: 1)                          = 1
 18666.422 ( 9.080 ms): poll(ufds: 0x575d8ba91670, nfds: 9, timeout_msecs: 9)                 = 0 (Timeout)
 18675.602 (70.247 ms): poll(ufds: 0x575d8ba91670, nfds: 9, timeout_msecs: 70)                = 0 (Timeout)
 18746.575 ( 0.018 ms): ioctl(fd: 11</dev/ptmx>, cmd: TIOCGPGRP, arg: 0x7ffda8ce1a84)         = 0
 18747.060 ( 0.216 ms): openat(dfd: CWD, filename: 0x8bbcf790)                                = 13
 18747.821 ( 0.019 ms): newfstatat(dfd: 13</proc/1551344/cmdline>, filename: 0x2f1d844f, statbuf: 0x7ffda8ce1950, flag: 4096) = 0
 18748.273 ( 0.035 ms): read(fd: 13</proc/1551344/cmdline>, buf: 0x575d8bc61460, count: 1024) = 9
 18748.693 ( 0.020 ms): close(fd: 13</proc/1551344/cmdline>)                                  = 0
 18748.934 (1211.777 ms): poll(ufds: 0x575d8ba91670, nfds: 9, timeout_msecs: 11254)             = 1
 19961.536 ( 0.024 ms): ioctl(fd: 7</dev/pts/0>, cmd: FIONREAD, arg: 0x7ffda8ce6388)          = 0
 19962.167 ( 0.021 ms): readv(fd: 7, vec: 0x7ffda8ce6390, vlen: 1)                            = 1
 19962.766 ( 0.044 ms): poll(ufds: 0x575d8ba91670, nfds: 9, timeout_msecs: 10040)             = 1
 19962.979 ( 0.021 ms): writev(fd: 11, vec: 0x7ffda8ce5ba0, vlen: 1)                          = 1
 19963.191 ( 0.138 ms): poll(ufds: 0x575d8ba91670, nfds: 9, timeout_msecs: 10040)             = 1
 19963.466 ( 0.010 ms): ioctl(fd: 11</dev/ptmx>, cmd: FIONREAD, arg: 0x7ffda8ce6388)          = 0
 19963.598 ( 0.013 ms): readv(fd: 11, vec: 0x7ffda8ce6390, vlen: 1)                           = 1
 19963.802 ( 0.009 ms): ioctl(fd: 11</dev/ptmx>, cmd: TIOCGPGRP, arg: 0x7ffda8ce1a84)         = 0
 19963.955 ( 0.046 ms): openat(dfd: CWD, filename: 0x8bb29440)                                = 13
 19964.160 ( 0.010 ms): newfstatat(dfd: 13</proc/1551344/cmdline>, filename: 0x2f1d844f, statbuf: 0x7ffda8ce1950, flag: 4096) = 0
 19964.308 ( 0.025 ms): read(fd: 13</proc/1551344/cmdline>, buf: 0x575d8bc61460, count: 1024) = 9
 19964.461 ( 0.013 ms): close(fd: 13</proc/1551344/cmdline>)                                  = 0
 19964.626 ( 0.017 ms): poll(ufds: 0x575d8ba91670, nfds: 9, timeout_msecs: 9)                 = 2
 19964.786 ( 0.017 ms): writev(fd: 7, vec: 0x7ffda8ce5b80, vlen: 1)                           = 1
 19965.017 ( 0.028 ms): writev(fd: 10, vec: 0x7ffda8ce5b80, vlen: 1)                          = 1
 19965.631 ( 8.184 ms): poll(ufds: 0x575d8ba91670, nfds: 9, timeout_msecs: 8)                 = 0 (Timeout)
 19974.301 (222.557 ms): poll(ufds: 0x575d8ba91670, nfds: 9, timeout_msecs: 10029)             = 1
 20197.752 ( 0.026 ms): ioctl(fd: 7</dev/pts/0>, cmd: FIONREAD, arg: 0x7ffda8ce6388)          = 0
 20198.457 ( 0.055 ms): readv(fd: 7, vec: 0x7ffda8ce6390, vlen: 1)                            = 1
 20199.279 ( 0.075 ms): poll(ufds: 0x575d8ba91670, nfds: 9, timeout_msecs: 9804)              = 1
 20199.799 ( 0.020 ms): writev(fd: 11, vec: 0x7ffda8ce5ba0, vlen: 1)                          = 1
 20200.068 ( 0.062 ms): poll(ufds: 0x575d8ba91670, nfds: 9, timeout_msecs: 9803)              = 1
 20200.354 ( 0.007 ms): ioctl(fd: 11</dev/ptmx>, cmd: FIONREAD, arg: 0x7ffda8ce6388)          = 0
 20200.570 ( 0.009 ms): readv(fd: 11, vec: 0x7ffda8ce6390, vlen: 1)                           = 1
 20200.743 ( 0.010 ms): poll(ufds: 0x575d8ba91670, nfds: 9, timeout_msecs: 10)                = 2
 20200.881 ( 0.011 ms): writev(fd: 10, vec: 0x7ffda8ce5b80, vlen: 1)                          = 1
 20200.996 ( 0.008 ms): writev(fd: 7, vec: 0x7ffda8ce5b80, vlen: 1)                           = 1
 20201.135 (10.082 ms): poll(ufds: 0x575d8ba91670, nfds: 9, timeout_msecs: 10)                = 0 (Timeout)
 20211.373 (253.480 ms): poll(ufds: 0x575d8ba91670, nfds: 9, timeout_msecs: 253)               = 0 (Timeout)
 20465.863 ( 0.020 ms): ioctl(fd: 11</dev/ptmx>, cmd: TIOCGPGRP, arg: 0x7ffda8ce1a84)         = 0
 20466.674 ( 0.047 ms): openat(dfd: CWD, filename: 0x8bc548e0)                                = 13
 20467.454 ( 0.021 ms): newfstatat(dfd: 13</proc/1551344/cmdline>, filename: 0x2f1d844f, statbuf: 0x7ffda8ce1950, flag: 4096) = 0
 20467.658 ( 0.034 ms): read(fd: 13</proc/1551344/cmdline>, buf: 0x575d8be0ef20, count: 1024) = 9
 20467.812 ( 0.011 ms): close(fd: 13</proc/1551344/cmdline>)                                  = 0
 20467.974 (1883.664 ms): poll(ufds: 0x575d8ba91670, nfds: 9, timeout_msecs: 9535)              = 1
 22352.545 ( 0.022 ms): ioctl(fd: 7</dev/pts/0>, cmd: FIONREAD, arg: 0x7ffda8ce6388)          = 0
 22353.137 ( 0.048 ms): readv(fd: 7, vec: 0x7ffda8ce6390, vlen: 1)                            = 1
 22353.715 ( 0.063 ms): poll(ufds: 0x575d8ba91670, nfds: 9, timeout_msecs: 7649)              = 1
 22354.052 ( 0.019 ms): writev(fd: 11, vec: 0x7ffda8ce5ba0, vlen: 1)                          = 1
 22354.798 ( 0.047 ms): poll(ufds: 0x575d8ba91670, nfds: 9, timeout_msecs: 7648)              = 1
 22355.116 ( 0.013 ms): ioctl(fd: 11</dev/ptmx>, cmd: FIONREAD, arg: 0x7ffda8ce6388)          = 0
 22355.439 ( 0.012 ms): readv(fd: 11, vec: 0x7ffda8ce6390, vlen: 1)                           = 1
 22355.794 ( 0.020 ms): ioctl(fd: 11</dev/ptmx>, cmd: TIOCGPGRP, arg: 0x7ffda8ce1a84)         = 0
 22355.914 ( 0.031 ms): openat(dfd: CWD, filename: 0x8bcc7090)                                = 13
 22356.028 ( 0.008 ms): newfstatat(dfd: 13</proc/1551344/cmdline>, filename: 0x2f1d844f, statbuf: 0x7ffda8ce1950, flag: 4096) = 0
 22356.118 ( 0.021 ms): read(fd: 13</proc/1551344/cmdline>, buf: 0x575d8be0ef20, count: 1024) = 9
 22356.250 ( 0.010 ms): close(fd: 13</proc/1551344/cmdline>)                                  = 0
 22356.379 ( 0.011 ms): poll(ufds: 0x575d8ba91670, nfds: 9, timeout_msecs: 8)                 = 2
 22356.487 ( 0.014 ms): writev(fd: 10, vec: 0x7ffda8ce5b80, vlen: 1)                          = 1
 22356.581 ( 0.009 ms): writev(fd: 7, vec: 0x7ffda8ce5b80, vlen: 1)                           = 1
 22356.676 ( 8.078 ms): poll(ufds: 0x575d8ba91670, nfds: 9, timeout_msecs: 8)                 = 0 (Timeout)
 22364.856 (367.044 ms): poll(ufds: 0x575d8ba91670, nfds: 9, timeout_msecs: 7638)              = 1
 22732.622 ( 0.018 ms): ioctl(fd: 7</dev/pts/0>, cmd: FIONREAD, arg: 0x7ffda8ce6388)          = 0
 22733.209 ( 0.024 ms): readv(fd: 7, vec: 0x7ffda8ce6390, vlen: 1)                            = 1
 22733.938 ( 0.067 ms): poll(ufds: 0x575d8ba91670, nfds: 9, timeout_msecs: 7269)              = 1
 22734.771 ( 0.030 ms): writev(fd: 11, vec: 0x7ffda8ce5ba0, vlen: 1)                          = 1
 22735.311 ( 0.052 ms): poll(ufds: 0x575d8ba91670, nfds: 9, timeout_msecs: 7268)              = 1
 22735.650 ( 0.012 ms): ioctl(fd: 11</dev/ptmx>, cmd: FIONREAD, arg: 0x7ffda8ce6388)          = 0
 22735.916 ( 0.016 ms): readv(fd: 11, vec: 0x7ffda8ce6390, vlen: 1)                           = 78
 22736.623 ( 0.026 ms): poll(ufds: 0x575d8ba91670, nfds: 9, timeout_msecs: 9)                 = 2
 22736.911 ( 0.016 ms): writev(fd: 7, vec: 0x7ffda8ce5b80, vlen: 1)                           = 69
 22737.051 ( 0.009 ms): writev(fd: 10, vec: 0x7ffda8ce5b80, vlen: 1)                          = 79
 22737.219 ( 9.085 ms): poll(ufds: 0x575d8ba91670, nfds: 9, timeout_msecs: 9)                 = 0 (Timeout)
 22746.464 (110.265 ms): poll(ufds: 0x575d8ba91670, nfds: 9, timeout_msecs: 110)               = 0 (Timeout)
 22857.420 ( 0.019 ms): ioctl(fd: 11</dev/ptmx>, cmd: TIOCGPGRP, arg: 0x7ffda8ce1a84)         = 0
 22858.040 ( 0.037 ms): openat(dfd: CWD, filename: 0x8bb29440)                                = 13
 22858.604 ( 0.041 ms): newfstatat(dfd: 13</proc/1551344/cmdline>, filename: 0x2f1d844f, statbuf: 0x7ffda8ce1950, flag: 4096) = 0
 22858.888 ( 0.027 ms): read(fd: 13</proc/1551344/cmdline>, buf: 0x575d8be0ef20, count: 1024) = 9
 22859.036 ( 0.011 ms): close(fd: 13</proc/1551344/cmdline>)                                  = 0
 22859.317 (382.519 ms): poll(ufds: 0x575d8ba91670, nfds: 9, timeout_msecs: 7144)              = 1
 23242.970 ( 0.023 ms): ioctl(fd: 7</dev/pts/0>, cmd: FIONREAD, arg: 0x7ffda8ce6388)          = 0
 23243.552 ( 0.022 ms): readv(fd: 7, vec: 0x7ffda8ce6390, vlen: 1)                            = 1
 23244.218 ( 0.046 ms): poll(ufds: 0x575d8ba91670, nfds: 9, timeout_msecs: 6759)              = 1
 23244.498 ( 0.021 ms): writev(fd: 11, vec: 0x7ffda8ce5ba0, vlen: 1)                          = 1
 23244.686 ( 0.139 ms): poll(ufds: 0x575d8ba91670, nfds: 9, timeout_msecs: 6758)              = 1
 23244.967 ( 0.009 ms): ioctl(fd: 11</dev/ptmx>, cmd: FIONREAD, arg: 0x7ffda8ce6388)          = 0
 23245.107 ( 0.012 ms): readv(fd: 11, vec: 0x7ffda8ce6390, vlen: 1)                           = 1
 23245.342 ( 0.033 ms): poll(ufds: 0x575d8ba91670, nfds: 9, timeout_msecs: 9)                 = 2
 23245.528 ( 0.015 ms): writev(fd: 7, vec: 0x7ffda8ce5b80, vlen: 1)                           = 1
 23245.680 ( 0.012 ms): writev(fd: 10, vec: 0x7ffda8ce5b80, vlen: 1)                          = 1
 23245.837 ( 9.096 ms): poll(ufds: 0x575d8ba91670, nfds: 9, timeout_msecs: 9)                 = 0 (Timeout)
 23255.107 ( 9.138 ms): poll(ufds: 0x575d8ba91670, nfds: 9, timeout_msecs: 102)               = 1
 23264.396 ( 0.026 ms): ioctl(fd: 7</dev/pts/0>, cmd: FIONREAD, arg: 0x7ffda8ce6388)          = 0
 23264.561 ( 0.012 ms): readv(fd: 7, vec: 0x7ffda8ce6390, vlen: 1)                            = 1
 23264.792 ( 0.021 ms): poll(ufds: 0x575d8ba91670, nfds: 9, timeout_msecs: 93)                = 1
 23264.961 ( 0.013 ms): writev(fd: 11, vec: 0x7ffda8ce5ba0, vlen: 1)                          = 1
 23265.112 ( 0.147 ms): poll(ufds: 0x575d8ba91670, nfds: 9, timeout_msecs: 93)                = 1
 23265.409 ( 0.008 ms): ioctl(fd: 11</dev/ptmx>, cmd: FIONREAD, arg: 0x7ffda8ce6388)          = 0
 23265.535 ( 0.011 ms): readv(fd: 11, vec: 0x7ffda8ce6390, vlen: 1)                           = 1
 23265.707 ( 0.015 ms): poll(ufds: 0x575d8ba91670, nfds: 9, timeout_msecs: 10)                = 2
 23265.859 ( 0.012 ms): writev(fd: 7, vec: 0x7ffda8ce5b80, vlen: 1)                           = 1
 23265.998 ( 0.012 ms): writev(fd: 10, vec: 0x7ffda8ce5b80, vlen: 1)                          = 1
 23266.147 (10.088 ms): poll(ufds: 0x575d8ba91670, nfds: 9, timeout_msecs: 10)                = 0 (Timeout)
 23276.414 (81.335 ms): poll(ufds: 0x575d8ba91670, nfds: 9, timeout_msecs: 81)                = 0 (Timeout)
 23358.569 ( 0.021 ms): ioctl(fd: 11</dev/ptmx>, cmd: TIOCGPGRP, arg: 0x7ffda8ce1a84)         = 0
 23359.217 ( 0.042 ms): openat(dfd: CWD, filename: 0x8bcab9d0)                                = 13
 23359.784 ( 0.039 ms): newfstatat(dfd: 13</proc/1551344/cmdline>, filename: 0x2f1d844f, statbuf: 0x7ffda8ce1950, flag: 4096) = 0
 23360.069 ( 0.028 ms): read(fd: 13</proc/1551344/cmdline>, buf: 0x575d8be0ef20, count: 1024) = 9
 23360.294 ( 0.013 ms): close(fd: 13</proc/1551344/cmdline>)                                  = 0
 23360.497 (944.093 ms): poll(ufds: 0x575d8ba91670, nfds: 9, timeout_msecs: 6642)              = 1
 24305.262 ( 0.016 ms): ioctl(fd: 7</dev/pts/0>, cmd: FIONREAD, arg: 0x7ffda8ce6388)          = 0
 24306.044 ( 0.028 ms): readv(fd: 7, vec: 0x7ffda8ce6390, vlen: 1)                            = 1
 24307.007 ( 0.050 ms): poll(ufds: 0x575d8ba91670, nfds: 9, timeout_msecs: 5696)              = 1
 24307.558 ( 0.021 ms): writev(fd: 11, vec: 0x7ffda8ce5ba0, vlen: 1)                          = 1
 24307.795 ( 0.125 ms): poll(ufds: 0x575d8ba91670, nfds: 9, timeout_msecs: 5695)              = 1
 24308.057 ( 0.011 ms): ioctl(fd: 11</dev/ptmx>, cmd: FIONREAD, arg: 0x7ffda8ce6388)          = 0
 24308.218 ( 0.014 ms): readv(fd: 11, vec: 0x7ffda8ce6390, vlen: 1)                           = 79
 24308.639 ( 0.010 ms): ioctl(fd: 11</dev/ptmx>, cmd: TIOCGPGRP, arg: 0x7ffda8ce1a84)         = 0
 24308.797 ( 0.039 ms): openat(dfd: CWD, filename: 0x8bbd0e90)                                = 13
 24308.970 ( 0.009 ms): newfstatat(dfd: 13</proc/1551344/cmdline>, filename: 0x2f1d844f, statbuf: 0x7ffda8ce1950, flag: 4096) = 0
 24309.111 ( 0.048 ms): read(fd: 13</proc/1551344/cmdline>, buf: 0x575d8be0ef20, count: 1024) = 9
 24309.339 ( 0.013 ms): close(fd: 13</proc/1551344/cmdline>)                                  = 0
 24309.552 ( 0.019 ms): poll(ufds: 0x575d8ba91670, nfds: 9, timeout_msecs: 8)                 = 2
 24309.725 ( 0.017 ms): writev(fd: 7, vec: 0x7ffda8ce5b80, vlen: 1)                           = 70
 24309.871 ( 0.013 ms): writev(fd: 10, vec: 0x7ffda8ce5b80, vlen: 1)                          = 80
 24310.039 ( 8.095 ms): poll(ufds: 0x575d8ba91670, nfds: 9, timeout_msecs: 8)                 = 0 (Timeout)
 24318.337 (351.281 ms): poll(ufds: 0x575d8ba91670, nfds: 9, timeout_msecs: 5684)              = 1
 24670.247 ( 0.049 ms): ioctl(fd: 7</dev/pts/0>, cmd: FIONREAD, arg: 0x7ffda8ce6388)          = 0
 24670.789 ( 0.022 ms): readv(fd: 7, vec: 0x7ffda8ce6390, vlen: 1)                            = 1
 24671.369 ( 0.060 ms): poll(ufds: 0x575d8ba91670, nfds: 9, timeout_msecs: 5332)              = 1
 24671.698 ( 0.023 ms): writev(fd: 11, vec: 0x7ffda8ce5ba0, vlen: 1)                          = 1
 24671.887 ( 0.185 ms): poll(ufds: 0x575d8ba91670, nfds: 9, timeout_msecs: 5331)              = 1
 24672.232 ( 0.010 ms): ioctl(fd: 11</dev/ptmx>, cmd: FIONREAD, arg: 0x7ffda8ce6388)          = 0
 24672.411 ( 0.014 ms): readv(fd: 11, vec: 0x7ffda8ce6390, vlen: 1)                           = 78
 24672.689 (         ): poll(ufds: 0x575d8ba91670, nfds: 9, timeout_msecs: 9)              ...
 24672.854 ( 0.016 ms): writev(fd: 7, vec: 0x7ffda8ce5b80, vlen: 1)                           = 69
 24673.001 ( 0.028 ms): writev(fd: 10, vec: 0x7ffda8ce5b80, vlen: 1)                          = 79
 24673.172 ( 9.096 ms): poll(ufds: 0x575d8ba91670, nfds: 9, timeout_msecs: 9)                 = 0 (Timeout)
 24682.445 (126.384 ms): poll(ufds: 0x575d8ba91670, nfds: 9, timeout_msecs: 126)               = 0 (Timeout)
 24809.837 ( 0.024 ms): ioctl(fd: 11</dev/ptmx>, cmd: TIOCGPGRP, arg: 0x7ffda8ce1a84)         = 0
 24810.482 ( 0.063 ms): openat(dfd: CWD, filename: 0x8bc548e0)                                = 13
 24811.102 ( 0.018 ms): newfstatat(dfd: 13</proc/1551344/cmdline>, filename: 0x2f1d844f, statbuf: 0x7ffda8ce1950, flag: 4096) = 0
 24811.522 ( 0.056 ms): read(fd: 13</proc/1551344/cmdline>, buf: 0x575d8be0ef20, count: 1024) = 9
 24811.672 ( 0.012 ms): close(fd: 13</proc/1551344/cmdline>)                                  = 0
 24811.813 (51.513 ms): poll(ufds: 0x575d8ba91670, nfds: 9, timeout_msecs: 5191)              = 1
 24864.091 ( 0.047 ms): ioctl(fd: 7</dev/pts/0>, cmd: FIONREAD, arg: 0x7ffda8ce6388)          = 0
 24864.919 ( 0.025 ms): readv(fd: 7, vec: 0x7ffda8ce6390, vlen: 1)                            = 1
 24865.683 ( 0.038 ms): poll(ufds: 0x575d8ba91670, nfds: 9, timeout_msecs: 5137)              = 1
 24866.029 ( 0.017 ms): writev(fd: 11, vec: 0x7ffda8ce5ba0, vlen: 1)                          = 1
 24866.381 ( 0.015 ms): poll(ufds: 0x575d8ba91670, nfds: 9, timeout_msecs: 5136)              = 1
 24866.484 ( 0.006 ms): ioctl(fd: 11</dev/ptmx>, cmd: FIONREAD, arg: 0x7ffda8ce6388)          = 0
 24866.568 ( 0.008 ms): readv(fd: 11, vec: 0x7ffda8ce6390, vlen: 1)                           = 1
 24866.693 ( 0.008 ms): poll(ufds: 0x575d8ba91670, nfds: 9, timeout_msecs: 10)                = 2
 24866.787 ( 0.010 ms): writev(fd: 10, vec: 0x7ffda8ce5b80, vlen: 1)                          = 1
 24867.051 ( 0.009 ms): writev(fd: 7, vec: 0x7ffda8ce5b80, vlen: 1)                           = 1
 24867.308 ( 9.079 ms): poll(ufds: 0x575d8ba91670, nfds: 9, timeout_msecs: 9)                 = 0 (Timeout)
 24876.487 (116.172 ms): poll(ufds: 0x575d8ba91670, nfds: 9, timeout_msecs: 433)               = 1
 24993.302 ( 0.018 ms): ioctl(fd: 7</dev/pts/0>, cmd: FIONREAD, arg: 0x7ffda8ce6388)          = 0
 24993.881 ( 0.024 ms): readv(fd: 7, vec: 0x7ffda8ce6390, vlen: 1)                            = 1
 24994.402 ( 0.034 ms): poll(ufds: 0x575d8ba91670, nfds: 9, timeout_msecs: 316)               = 1
 24994.609 ( 0.017 ms): writev(fd: 11, vec: 0x7ffda8ce5ba0, vlen: 1)                          = 1
 24994.738 ( 0.187 ms): poll(ufds: 0x575d8ba91670, nfds: 9, timeout_msecs: 315)               = 1
 24995.008 ( 0.006 ms): ioctl(fd: 11</dev/ptmx>, cmd: FIONREAD, arg: 0x7ffda8ce6388)          = 0
 24995.089 ( 0.008 ms): readv(fd: 11, vec: 0x7ffda8ce6390, vlen: 1)                           = 1
 24995.230 ( 0.010 ms): poll(ufds: 0x575d8ba91670, nfds: 9, timeout_msecs: 10)                = 2
 24995.349 ( 0.010 ms): writev(fd: 7, vec: 0x7ffda8ce5b80, vlen: 1)                           = 1
 24995.438 ( 0.009 ms): writev(fd: 10, vec: 0x7ffda8ce5b80, vlen: 1)                          = 1
 24995.544 ( 9.083 ms): poll(ufds: 0x575d8ba91670, nfds: 9, timeout_msecs: 9)                 = 0 (Timeout)
 25004.741 (104.270 ms): poll(ufds: 0x575d8ba91670, nfds: 9, timeout_msecs: 305)               = 1
 25109.725 ( 0.018 ms): ioctl(fd: 7</dev/pts/0>, cmd: FIONREAD, arg: 0x7ffda8ce6388)          = 0
 25110.317 ( 0.024 ms): readv(fd: 7, vec: 0x7ffda8ce6390, vlen: 1)                            = 1
 25110.945 ( 0.040 ms): poll(ufds: 0x575d8ba91670, nfds: 9, timeout_msecs: 199)               = 1
 25111.115 ( 0.018 ms): writev(fd: 11, vec: 0x7ffda8ce5ba0, vlen: 1)                          = 1
 25111.314 ( 0.129 ms): poll(ufds: 0x575d8ba91670, nfds: 9, timeout_msecs: 198)               = 1
 25111.526 ( 0.007 ms): ioctl(fd: 11</dev/ptmx>, cmd: FIONREAD, arg: 0x7ffda8ce6388)          = 0
 25111.609 ( 0.008 ms): readv(fd: 11, vec: 0x7ffda8ce6390, vlen: 1)                           = 1
 25111.735 ( 0.010 ms): poll(ufds: 0x575d8ba91670, nfds: 9, timeout_msecs: 10)                = 2
 25111.843 ( 0.010 ms): writev(fd: 7, vec: 0x7ffda8ce5b80, vlen: 1)                           = 1
 25111.932 ( 0.009 ms): writev(fd: 10, vec: 0x7ffda8ce5b80, vlen: 1)                          = 1
 25112.038 (10.080 ms): poll(ufds: 0x575d8ba91670, nfds: 9, timeout_msecs: 10)                = 0 (Timeout)
 25122.231 (187.410 ms): poll(ufds: 0x575d8ba91670, nfds: 9, timeout_msecs: 187)               = 0 (Timeout)
 25310.320 ( 0.018 ms): ioctl(fd: 11</dev/ptmx>, cmd: TIOCGPGRP, arg: 0x7ffda8ce1a84)         = 0
 25310.873 ( 0.039 ms): openat(dfd: CWD, filename: 0x8bcf96e0)                                = 13
 25311.127 ( 0.019 ms): newfstatat(dfd: 13</proc/1551344/cmdline>, filename: 0x2f1d844f, statbuf: 0x7ffda8ce1950, flag: 4096) = 0
 25311.348 ( 0.088 ms): read(fd: 13</proc/1551344/cmdline>, buf: 0x575d8bb54470, count: 1024) = 9
 25311.798 ( 0.039 ms): close(fd: 13</proc/1551344/cmdline>)                                  = 0
 25312.191 (35.543 ms): poll(ufds: 0x575d8ba91670, nfds: 9, timeout_msecs: 4691)              = 1
 25348.657 ( 0.018 ms): ioctl(fd: 7</dev/pts/0>, cmd: FIONREAD, arg: 0x7ffda8ce6388)          = 0
 25349.158 ( 0.025 ms): readv(fd: 7, vec: 0x7ffda8ce6390, vlen: 1)                            = 1
 25349.668 ( 0.034 ms): poll(ufds: 0x575d8ba91670, nfds: 9, timeout_msecs: 4653)              = 1
 25349.818 ( 0.017 ms): writev(fd: 11, vec: 0x7ffda8ce5ba0, vlen: 1)                          = 1
 25350.112 ( 0.013 ms): poll(ufds: 0x575d8ba91670, nfds: 9, timeout_msecs: 4653)              = 1
 25350.212 ( 0.031 ms): ioctl(fd: 11</dev/ptmx>, cmd: FIONREAD, arg: 0x7ffda8ce6388)          = 0
 25350.330 ( 0.008 ms): readv(fd: 11, vec: 0x7ffda8ce6390, vlen: 1)                           = 1
 25350.451 ( 0.008 ms): poll(ufds: 0x575d8ba91670, nfds: 9, timeout_msecs: 9)                 = 2
 25350.546 ( 0.009 ms): writev(fd: 10, vec: 0x7ffda8ce5b80, vlen: 1)                          = 1
 25350.809 ( 0.009 ms): writev(fd: 7, vec: 0x7ffda8ce5b80, vlen: 1)                           = 1
 25351.043 ( 9.095 ms): poll(ufds: 0x575d8ba91670, nfds: 9, timeout_msecs: 9)                 = 0 (Timeout)
 25360.270 ( 1.072 ms): poll(ufds: 0x575d8ba91670, nfds: 9, timeout_msecs: 1)                 = 0 (Timeout)
 25361.440 (174.884 ms): poll(ufds: 0x575d8ba91670, nfds: 9, timeout_msecs: 449)               = 1
 25536.956 ( 0.018 ms): ioctl(fd: 7</dev/pts/0>, cmd: FIONREAD, arg: 0x7ffda8ce6388)          = 0
 25537.579 ( 0.025 ms): readv(fd: 7, vec: 0x7ffda8ce6390, vlen: 1)                            = 1
 25538.278 ( 0.038 ms): poll(ufds: 0x575d8ba91670, nfds: 9, timeout_msecs: 273)               = 1
 25538.464 ( 0.017 ms): writev(fd: 11, vec: 0x7ffda8ce5ba0, vlen: 1)                          = 1
 25538.797 ( 0.014 ms): poll(ufds: 0x575d8ba91670, nfds: 9, timeout_msecs: 272)               = 1
 25538.895 ( 0.006 ms): ioctl(fd: 11</dev/ptmx>, cmd: FIONREAD, arg: 0x7ffda8ce6388)          = 0
 25538.976 ( 0.008 ms): readv(fd: 11, vec: 0x7ffda8ce6390, vlen: 1)                           = 1
 25539.098 ( 0.008 ms): poll(ufds: 0x575d8ba91670, nfds: 9, timeout_msecs: 10)                = 2
 25539.240 ( 0.010 ms): writev(fd: 7, vec: 0x7ffda8ce5b80, vlen: 1)                           = 1
 25539.531 ( 0.009 ms): writev(fd: 10, vec: 0x7ffda8ce5b80, vlen: 1)                          = 1
 25539.755 ( 9.083 ms): poll(ufds: 0x575d8ba91670, nfds: 9, timeout_msecs: 9)                 = 0 (Timeout)
 25548.946 (98.485 ms): poll(ufds: 0x575d8ba91670, nfds: 9, timeout_msecs: 261)               = 1
 25648.071 ( 0.018 ms): ioctl(fd: 7</dev/pts/0>, cmd: FIONREAD, arg: 0x7ffda8ce6388)          = 0
 25648.690 ( 0.051 ms): readv(fd: 7, vec: 0x7ffda8ce6390, vlen: 1)                            = 1
 25648.963 ( 0.028 ms): poll(ufds: 0x575d8ba91670, nfds: 9, timeout_msecs: 162)               = 1
 25649.087 ( 0.013 ms): writev(fd: 11, vec: 0x7ffda8ce5ba0, vlen: 1)                          = 1
 25649.201 ( 0.099 ms): poll(ufds: 0x575d8ba91670, nfds: 9, timeout_msecs: 162)               = 1
 25649.568 ( 0.011 ms): ioctl(fd: 11</dev/ptmx>, cmd: FIONREAD, arg: 0x7ffda8ce6388)          = 0
 25649.859 ( 0.007 ms): readv(fd: 11, vec: 0x7ffda8ce6390, vlen: 1)                           = 1
 25650.140 ( 0.010 ms): poll(ufds: 0x575d8ba91670, nfds: 9, timeout_msecs: 10)                = 2
 25650.454 ( 0.010 ms): writev(fd: 7, vec: 0x7ffda8ce5b80, vlen: 1)                           = 1
 25650.665 ( 0.009 ms): writev(fd: 10, vec: 0x7ffda8ce5b80, vlen: 1)                          = 1
 25650.818 ( 9.079 ms): poll(ufds: 0x575d8ba91670, nfds: 9, timeout_msecs: 9)                 = 0 (Timeout)
 25660.183 (150.372 ms): poll(ufds: 0x575d8ba91670, nfds: 9, timeout_msecs: 150)               = 0 (Timeout)
 25811.365 ( 0.018 ms): ioctl(fd: 11</dev/ptmx>, cmd: TIOCGPGRP, arg: 0x7ffda8ce1a84)         = 0
 25812.069 ( 0.041 ms): openat(dfd: CWD, filename: 0x8be1b0d0)                                = 13
 25812.753 ( 0.020 ms): newfstatat(dfd: 13</proc/1551344/cmdline>, filename: 0x2f1d844f, statbuf: 0x7ffda8ce1950, flag: 4096) = 0
 25813.099 ( 0.026 ms): read(fd: 13</proc/1551344/cmdline>, buf: 0x575d8bc61460, count: 1024) = 9
 25813.753 ( 0.025 ms): close(fd: 13</proc/1551344/cmdline>)                                  = 0
 25814.149 (208.684 ms): poll(ufds: 0x575d8ba91670, nfds: 9, timeout_msecs: 4189)              = 1
 26023.405 ( 0.017 ms): ioctl(fd: 8</dev/ptmx>, cmd: FIONREAD, arg: 0x7ffda8ce6388)           = 0
 26023.819 ( 0.023 ms): readv(fd: 8, vec: 0x7ffda8ce6390, vlen: 1)                            = 27
 26024.367 ( 0.028 ms): poll(ufds: 0x575d8ba91670, nfds: 9, timeout_msecs: 9)                 = 2
 26024.599 ( 0.028 ms): writev(fd: 7, vec: 0x7ffda8ce5b80, vlen: 1)                           = 81
 26024.932 ( 0.014 ms): writev(fd: 10, vec: 0x7ffda8ce5b80, vlen: 1)                          = 146
 26025.261 ( 8.095 ms): poll(ufds: 0x575d8ba91670, nfds: 9, timeout_msecs: 8)                 = 0 (Timeout)
 26033.731 (12.910 ms): poll(ufds: 0x575d8ba91670, nfds: 9, timeout_msecs: 3969)              = -1 (unknown) (INTERNAL ERROR: strerror_r(516, [buf], 128)=22)
 26046.832 ( 0.431 ms): restart_syscall()                                                     = 1
 26047.289 ( 0.008 ms): ioctl(fd: 8</dev/ptmx>, cmd: FIONREAD, arg: 0x7ffda8ce6388)           = 0
 26047.444 ( 0.025 ms): readv(fd: 8, vec: 0x7ffda8ce6390, vlen: 1)                            = 34
 26047.558 ( 0.020 ms): poll(ufds: 0x575d8ba91670, nfds: 9, timeout_msecs: 10)                = 2
 26047.588 ( 0.013 ms): writev(fd: 7, vec: 0x7ffda8ce5b80, vlen: 1)                           = 76
 26047.608 ( 0.006 ms): writev(fd: 10, vec: 0x7ffda8ce5b80, vlen: 1)                          = 109
 26047.623 (10.169 ms): poll(ufds: 0x575d8ba91670, nfds: 9, timeout_msecs: 10)                = 0 (Timeout)
